<html>
<body>
<pre>
<h1>µVision Build Log</h1>
<h2>Tool Versions:</h2>
IDE-Version: ¶ÃVision V5.39.0.0
Copyright (C) 2023 ARM Ltd and ARM Germany GmbH. All rights reserved.
License Information: ’≈ ≥¨∑Â, Huawei, LIC=9WSKC-7UL4P-TGI7T-RNRKX-JPC1T-NWZ3Q
 
Tool Versions:
Toolchain:       MDK-ARM Plus  Version: 5.39.0.0
Toolchain Path:  D:\Application\Keil\ARM\ARMCC\Bin
C Compiler:      Armcc.exe V5.06 update 6 (build 750)
Assembler:       Armasm.exe V5.06 update 6 (build 750)
Linker/Locator:  ArmLink.exe V5.06 update 6 (build 750)
Library Manager: ArmAr.exe V5.06 update 6 (build 750)
Hex Converter:   FromElf.exe V5.06 update 6 (build 750)
CPU DLL:         SARMCM3.DLL V5.39.0.0
Dialog DLL:      DCM.DLL V1.17.5.0
Target DLL:      STLink\ST-LINKIII-KEIL_SWO.dll V3.2.0.0
Dialog DLL:      TCM.DLL V1.56.4.0
 
<h2>Project:</h2>
C:\Users\12903\Desktop\StmCar\Aproject_1.2v\Aproject\project.uvprojx
Project File Date:  06/08/2024

<h2>Output:</h2>
*** Using Compiler 'V5.06 update 6 (build 750)', folder: 'D:\Application\Keil\ARM\ARMCC\Bin'
Build target 'Target 1'
compiling main.c...
.\Hardware\Motor.h(11): warning:  #1-D: last line of file ends without a newline
  #endif
.\Hardware\MyI2C.h(13): warning:  #1-D: last line of file ends without a newline
  #endif
.\Hardware\MPU6050.h(14): warning:  #1-D: last line of file ends without a newline
  #endif
.\Hardware\Beep.h(6): warning:  #1-D: last line of file ends without a newline
  #endif
.\Hardware\K210Usart.h(7): warning:  #1-D: last line of file ends without a newline
  #endif 
User\main.c: 5 warnings, 0 errors
linking...
Program Size: Code=8476 RO-data=1788 RW-data=60 ZI-data=1644  
FromELF: creating hex file...
".\Objects\project.axf" - 0 Error(s), 5 Warning(s).

<h2>Software Packages used:</h2>

Package Vendor: Keil
                https://www.keil.com/pack/Keil.STM32F1xx_DFP.2.4.1.pack
                Keil::STM32F1xx_DFP@2.4.1
                STMicroelectronics STM32F1 Series Device Support, Drivers and Examples

<h2>Collection of Component include folders:</h2>
  D:/Application/Keil/Packs/Keil/STM32F1xx_DFP/2.4.1/Device/Include

<h2>Collection of Component Files used:</h2>
Build Time Elapsed:  00:00:01
</pre>
</body>
</html>
