Component: ARM Compiler 5.06 update 6 (build 750) Tool: armlink [4d35ed]

==============================================================================

Section Cross References

    startup_stm32f10x_md.o(STACK) refers (Special) to heapauxi.o(.text) for __use_two_region_memory
    startup_stm32f10x_md.o(HEAP) refers (Special) to heapauxi.o(.text) for __use_two_region_memory
    startup_stm32f10x_md.o(RESET) refers (Special) to heapauxi.o(.text) for __use_two_region_memory
    startup_stm32f10x_md.o(RESET) refers to startup_stm32f10x_md.o(STACK) for __initial_sp
    startup_stm32f10x_md.o(RESET) refers to startup_stm32f10x_md.o(.text) for Reset_Handler
    startup_stm32f10x_md.o(RESET) refers to stm32f10x_it.o(i.NMI_Handler) for NMI_Handler
    startup_stm32f10x_md.o(RESET) refers to stm32f10x_it.o(i.HardFault_Handler) for HardFault_Handler
    startup_stm32f10x_md.o(RESET) refers to stm32f10x_it.o(i.MemManage_Handler) for MemManage_Handler
    startup_stm32f10x_md.o(RESET) refers to stm32f10x_it.o(i.BusFault_Handler) for BusFault_Handler
    startup_stm32f10x_md.o(RESET) refers to stm32f10x_it.o(i.UsageFault_Handler) for UsageFault_Handler
    startup_stm32f10x_md.o(RESET) refers to stm32f10x_it.o(i.SVC_Handler) for SVC_Handler
    startup_stm32f10x_md.o(RESET) refers to stm32f10x_it.o(i.DebugMon_Handler) for DebugMon_Handler
    startup_stm32f10x_md.o(RESET) refers to stm32f10x_it.o(i.PendSV_Handler) for PendSV_Handler
    startup_stm32f10x_md.o(RESET) refers to stm32f10x_it.o(i.SysTick_Handler) for SysTick_Handler
    startup_stm32f10x_md.o(RESET) refers to hcsr04.o(i.TIM3_IRQHandler) for TIM3_IRQHandler
    startup_stm32f10x_md.o(RESET) refers to bluetooth.o(i.USART1_IRQHandler) for USART1_IRQHandler
    startup_stm32f10x_md.o(RESET) refers to k210usart.o(i.USART2_IRQHandler) for USART2_IRQHandler
    startup_stm32f10x_md.o(.text) refers (Special) to heapauxi.o(.text) for __use_two_region_memory
    startup_stm32f10x_md.o(.text) refers to system_stm32f10x.o(i.SystemInit) for SystemInit
    startup_stm32f10x_md.o(.text) refers to __main.o(!!!main) for __main
    startup_stm32f10x_md.o(.text) refers to startup_stm32f10x_md.o(HEAP) for Heap_Mem
    startup_stm32f10x_md.o(.text) refers to startup_stm32f10x_md.o(STACK) for Stack_Mem
    system_stm32f10x.o(i.SetSysClock) refers to system_stm32f10x.o(i.SetSysClockTo72) for SetSysClockTo72
    system_stm32f10x.o(i.SystemCoreClockUpdate) refers to system_stm32f10x.o(.data) for .data
    system_stm32f10x.o(i.SystemInit) refers to system_stm32f10x.o(i.SetSysClock) for SetSysClock
    stm32f10x_adc.o(i.ADC_DeInit) refers to stm32f10x_rcc.o(i.RCC_APB2PeriphResetCmd) for RCC_APB2PeriphResetCmd
    stm32f10x_bkp.o(i.BKP_DeInit) refers to stm32f10x_rcc.o(i.RCC_BackupResetCmd) for RCC_BackupResetCmd
    stm32f10x_can.o(i.CAN_DeInit) refers to stm32f10x_rcc.o(i.RCC_APB1PeriphResetCmd) for RCC_APB1PeriphResetCmd
    stm32f10x_can.o(i.CAN_GetITStatus) refers to stm32f10x_can.o(i.CheckITStatus) for CheckITStatus
    stm32f10x_cec.o(i.CEC_DeInit) refers to stm32f10x_rcc.o(i.RCC_APB1PeriphResetCmd) for RCC_APB1PeriphResetCmd
    stm32f10x_dac.o(i.DAC_DeInit) refers to stm32f10x_rcc.o(i.RCC_APB1PeriphResetCmd) for RCC_APB1PeriphResetCmd
    stm32f10x_flash.o(i.FLASH_EnableWriteProtection) refers to stm32f10x_flash.o(i.FLASH_WaitForLastOperation) for FLASH_WaitForLastOperation
    stm32f10x_flash.o(i.FLASH_EraseAllBank1Pages) refers to stm32f10x_flash.o(i.FLASH_WaitForLastBank1Operation) for FLASH_WaitForLastBank1Operation
    stm32f10x_flash.o(i.FLASH_EraseAllPages) refers to stm32f10x_flash.o(i.FLASH_WaitForLastOperation) for FLASH_WaitForLastOperation
    stm32f10x_flash.o(i.FLASH_EraseOptionBytes) refers to stm32f10x_flash.o(i.FLASH_GetReadOutProtectionStatus) for FLASH_GetReadOutProtectionStatus
    stm32f10x_flash.o(i.FLASH_EraseOptionBytes) refers to stm32f10x_flash.o(i.FLASH_WaitForLastOperation) for FLASH_WaitForLastOperation
    stm32f10x_flash.o(i.FLASH_ErasePage) refers to stm32f10x_flash.o(i.FLASH_WaitForLastOperation) for FLASH_WaitForLastOperation
    stm32f10x_flash.o(i.FLASH_ProgramHalfWord) refers to stm32f10x_flash.o(i.FLASH_WaitForLastOperation) for FLASH_WaitForLastOperation
    stm32f10x_flash.o(i.FLASH_ProgramOptionByteData) refers to stm32f10x_flash.o(i.FLASH_WaitForLastOperation) for FLASH_WaitForLastOperation
    stm32f10x_flash.o(i.FLASH_ProgramWord) refers to stm32f10x_flash.o(i.FLASH_WaitForLastOperation) for FLASH_WaitForLastOperation
    stm32f10x_flash.o(i.FLASH_ReadOutProtection) refers to stm32f10x_flash.o(i.FLASH_WaitForLastOperation) for FLASH_WaitForLastOperation
    stm32f10x_flash.o(i.FLASH_UserOptionByteConfig) refers to stm32f10x_flash.o(i.FLASH_WaitForLastOperation) for FLASH_WaitForLastOperation
    stm32f10x_flash.o(i.FLASH_WaitForLastBank1Operation) refers to stm32f10x_flash.o(i.FLASH_GetBank1Status) for FLASH_GetBank1Status
[...]
    Removing stm32f10x_tim.o(i.TIM_OC3FastConfig), (12 bytes).
    Removing stm32f10x_tim.o(i.TIM_OC3Init), (132 bytes).
    Removing stm32f10x_tim.o(i.TIM_OC3NPolarityConfig), (20 bytes).
    Removing stm32f10x_tim.o(i.TIM_OC3PolarityConfig), (20 bytes).
    Removing stm32f10x_tim.o(i.TIM_OC3PreloadConfig), (12 bytes).
    Removing stm32f10x_tim.o(i.TIM_OC4FastConfig), (20 bytes).
    Removing stm32f10x_tim.o(i.TIM_OC4Init), (104 bytes).
    Removing stm32f10x_tim.o(i.TIM_OC4PolarityConfig), (20 bytes).
    Removing stm32f10x_tim.o(i.TIM_OC4PreloadConfig), (20 bytes).
    Removing stm32f10x_tim.o(i.TIM_OCStructInit), (20 bytes).
    Removing stm32f10x_tim.o(i.TIM_PWMIConfig), (110 bytes).
    Removing stm32f10x_tim.o(i.TIM_PrescalerConfig), (6 bytes).
    Removing stm32f10x_tim.o(i.TIM_SelectCCDMA), (24 bytes).
    Removing stm32f10x_tim.o(i.TIM_SelectCOM), (24 bytes).
    Removing stm32f10x_tim.o(i.TIM_SelectHallSensor), (24 bytes).
    Removing stm32f10x_tim.o(i.TIM_SelectInputTrigger), (12 bytes).
    Removing stm32f10x_tim.o(i.TIM_SelectMasterSlaveMode), (16 bytes).
    Removing stm32f10x_tim.o(i.TIM_SelectOCxM), (76 bytes).
    Removing stm32f10x_tim.o(i.TIM_SelectOnePulseMode), (16 bytes).
    Removing stm32f10x_tim.o(i.TIM_SelectOutputTrigger), (16 bytes).
    Removing stm32f10x_tim.o(i.TIM_SelectSlaveMode), (16 bytes).
    Removing stm32f10x_tim.o(i.TIM_SetAutoreload), (4 bytes).
    Removing stm32f10x_tim.o(i.TIM_SetClockDivision), (16 bytes).
    Removing stm32f10x_tim.o(i.TIM_SetCompare3), (4 bytes).
    Removing stm32f10x_tim.o(i.TIM_SetCompare4), (6 bytes).
    Removing stm32f10x_tim.o(i.TIM_SetCounter), (4 bytes).
    Removing stm32f10x_tim.o(i.TIM_SetIC1Prescaler), (16 bytes).
    Removing stm32f10x_tim.o(i.TIM_SetIC2Prescaler), (24 bytes).
    Removing stm32f10x_tim.o(i.TIM_SetIC3Prescaler), (16 bytes).
    Removing stm32f10x_tim.o(i.TIM_SetIC4Prescaler), (24 bytes).
    Removing stm32f10x_tim.o(i.TIM_TIxExternalClockConfig), (48 bytes).
    Removing stm32f10x_tim.o(i.TIM_TimeBaseStructInit), (18 bytes).
    Removing stm32f10x_tim.o(i.TIM_UpdateDisableConfig), (24 bytes).
    Removing stm32f10x_tim.o(i.TIM_UpdateRequestConfig), (24 bytes).
    Removing stm32f10x_usart.o(i.USART_ClearFlag), (8 bytes).
    Removing stm32f10x_usart.o(i.USART_ClockInit), (30 bytes).
    Removing stm32f10x_usart.o(i.USART_ClockStructInit), (12 bytes).
    Removing stm32f10x_usart.o(i.USART_DMACmd), (20 bytes).
    Removing stm32f10x_usart.o(i.USART_DeInit), (164 bytes).
    Removing stm32f10x_usart.o(i.USART_HalfDuplexCmd), (24 bytes).
    Removing stm32f10x_usart.o(i.USART_IrDACmd), (24 bytes).
    Removing stm32f10x_usart.o(i.USART_IrDAConfig), (16 bytes).
    Removing stm32f10x_usart.o(i.USART_LINBreakDetectLengthConfig), (16 bytes).
    Removing stm32f10x_usart.o(i.USART_LINCmd), (24 bytes).
    Removing stm32f10x_usart.o(i.USART_OneBitMethodCmd), (24 bytes).
    Removing stm32f10x_usart.o(i.USART_OverSampling8Cmd), (24 bytes).
    Removing stm32f10x_usart.o(i.USART_ReceiverWakeUpCmd), (24 bytes).
    Removing stm32f10x_usart.o(i.USART_SendBreak), (10 bytes).
    Removing stm32f10x_usart.o(i.USART_SetAddress), (16 bytes).
    Removing stm32f10x_usart.o(i.USART_SetGuardTime), (16 bytes).
    Removing stm32f10x_usart.o(i.USART_SetPrescaler), (16 bytes).
    Removing stm32f10x_usart.o(i.USART_SmartCardCmd), (24 bytes).
    Removing stm32f10x_usart.o(i.USART_SmartCardNACKCmd), (24 bytes).
    Removing stm32f10x_usart.o(i.USART_StructInit), (22 bytes).
    Removing stm32f10x_usart.o(i.USART_WakeUpConfig), (16 bytes).
    Removing stm32f10x_wwdg.o(i.WWDG_ClearFlag), (12 bytes).
    Removing stm32f10x_wwdg.o(i.WWDG_DeInit), (24 bytes).
    Removing stm32f10x_wwdg.o(i.WWDG_Enable), (16 bytes).
    Removing stm32f10x_wwdg.o(i.WWDG_EnableIT), (12 bytes).
    Removing stm32f10x_wwdg.o(i.WWDG_GetFlagStatus), (12 bytes).
    Removing stm32f10x_wwdg.o(i.WWDG_SetCounter), (16 bytes).
    Removing stm32f10x_wwdg.o(i.WWDG_SetPrescaler), (20 bytes).
    Removing stm32f10x_wwdg.o(i.WWDG_SetWindowValue), (32 bytes).
    Removing delay.o(i.Delay_s), (24 bytes).
    Removing key.o(i.KEY_GetNum), (96 bytes).
    Removing key.o(i.KEY_Init), (44 bytes).
    Removing oled.o(i.OLED_ShowBinNum), (58 bytes).
    Removing oled.o(i.OLED_ShowHexNum), (80 bytes).
    Removing countsensor.o(.data), (2 bytes).
    Removing bluetooth.o(i.USART_SendString), (54 bytes).
    Removing hdl_ws2812b.o(i.PWM_WS2812B_Blue), (22 bytes).
    Removing hdl_ws2812b.o(i.PWM_WS2812B_Green), (24 bytes).
    Removing hdl_ws2812b.o(i.PWM_WS2812B_Init), (212 bytes).
    Removing hdl_ws2812b.o(i.PWM_WS2812B_Red), (24 bytes).
    Removing hdl_ws2812b.o(i.PWM_WS2812B_Show), (84 bytes).
    Removing hdl_ws2812b.o(i.PWM_WS2812B_Write_24Bits), (52 bytes).
    Removing hdl_ws2812b.o(i.WS2812B_Reset), (36 bytes).
    Removing hdl_ws2812b.o(.bss), (4800 bytes).
    Removing hcsr04.o(i.sonar), (156 bytes).
    Removing temperature.o(i.DS18B20_Start), (26 bytes).
    Removing main.o(.data), (1 bytes).

464 unused section(s) (total 20703 bytes) removed from the image.

==============================================================================

Image Symbol Table

    Local Symbols

    Symbol Name                              Value     Ov Type        Size  Object(Section)

    ../clib/angel/boardlib.s                 0x00000000   Number         0  boardshut.o ABSOLUTE
    ../clib/angel/boardlib.s                 0x00000000   Number         0  boardinit3.o ABSOLUTE
    ../clib/angel/boardlib.s                 0x00000000   Number         0  boardinit2.o ABSOLUTE
    ../clib/angel/boardlib.s                 0x00000000   Number         0  boardinit1.o ABSOLUTE
    ../clib/angel/handlers.s                 0x00000000   Number         0  __scatter_zi.o ABSOLUTE
    ../clib/angel/handlers.s                 0x00000000   Number         0  __scatter_copy.o ABSOLUTE
    ../clib/angel/kernel.s                   0x00000000   Number         0  rtexit2.o ABSOLUTE
    ../clib/angel/kernel.s                   0x00000000   Number         0  rtexit.o ABSOLUTE
    ../clib/angel/kernel.s                   0x00000000   Number         0  __rtentry.o ABSOLUTE
    ../clib/angel/kernel.s                   0x00000000   Number         0  __rtentry4.o ABSOLUTE
    ../clib/angel/kernel.s                   0x00000000   Number         0  __rtentry2.o ABSOLUTE
    ../clib/angel/rt.s                       0x00000000   Number         0  aeabi_ldiv0.o ABSOLUTE
    ../clib/angel/rt.s                       0x00000000   Number         0  rt_raise.o ABSOLUTE
    ../clib/angel/rt.s                       0x00000000   Number         0  aeabi_ldiv0_sigfpe.o ABSOLUTE
    ../clib/angel/rt.s                       0x00000000   Number         0  rt_div0.o ABSOLUTE
    ../clib/angel/scatter.s                  0x00000000   Number         0  __scatter.o ABSOLUTE
    ../clib/angel/startup.s                  0x00000000   Number         0  __main.o ABSOLUTE
    ../clib/angel/sys.s                      0x00000000   Number         0  libspace.o ABSOLUTE
    ../clib/angel/sys.s                      0x00000000   Number         0  sys_stackheap_outer.o ABSOLUTE
    ../clib/angel/sys.s                      0x00000000   Number         0  use_no_semi.o ABSOLUTE
    ../clib/angel/sys.s                      0x00000000   Number         0  indicate_semi.o ABSOLUTE
    ../clib/angel/sysapp.c                   0x00000000   Number         0  sys_exit.o ABSOLUTE
    ../clib/angel/sysapp.c                   0x00000000   Number         0  sys_command.o ABSOLUTE
    ../clib/angel/sysapp.c                   0x00000000   Number         0  sys_wrch.o ABSOLUTE
    ../clib/armsys.c                         0x00000000   Number         0  argv_veneer.o ABSOLUTE
    ../clib/armsys.c                         0x00000000   Number         0  argv_veneer.o ABSOLUTE
    ../clib/armsys.c                         0x00000000   Number         0  _get_argv_nomalloc.o ABSOLUTE
    ../clib/armsys.c                         0x00000000   Number         0  no_argv.o ABSOLUTE
    ../clib/heapalloc.c                      0x00000000   Number         0  hrguard.o ABSOLUTE
    ../clib/heapaux.c                        0x00000000   Number         0  heapauxi.o ABSOLUTE
    ../clib/libinit.s                        0x00000000   Number         0  libinit.o ABSOLUTE
    ../clib/libinit.s                        0x00000000   Number         0  libinit2.o ABSOLUTE
    ../clib/libinit.s                        0x00000000   Number         0  libshutdown.o ABSOLUTE
    ../clib/libinit.s                        0x00000000   Number         0  libshutdown2.o ABSOLUTE
    ../clib/longlong.s                       0x00000000   Number         0  lludivv7m.o ABSOLUTE
    ../clib/signal.c                         0x00000000   Number         0  __raise.o ABSOLUTE
    ../clib/signal.c                         0x00000000   Number         0  defsig_fpe_formal.o ABSOLUTE
    ../clib/signal.c                         0x00000000   Number         0  defsig_fpe_outer.o ABSOLUTE
    ../clib/signal.c                         0x00000000   Number         0  defsig_fpe_inner.o ABSOLUTE
    ../clib/signal.c                         0x00000000   Number         0  defsig_general.o ABSOLUTE
    ../clib/signal.c                         0x00000000   Number         0  defsig_stak_inner.o ABSOLUTE
    ../clib/signal.c                         0x00000000   Number         0  defsig_pvfn_inner.o ABSOLUTE
    ../clib/signal.c                         0x00000000   Number         0  defsig_cppl_inner.o ABSOLUTE
    ../clib/signal.c                         0x00000000   Number         0  defsig_segv_inner.o ABSOLUTE
    ../clib/signal.c                         0x00000000   Number         0  defsig_other.o ABSOLUTE
    ../clib/signal.c                         0x00000000   Number         0  defsig_rtmem_formal.o ABSOLUTE
    ../clib/signal.c                         0x00000000   Number         0  defsig_rtmem_inner.o ABSOLUTE
    ../clib/signal.c                         0x00000000   Number         0  defsig_rtred_inner.o ABSOLUTE
    ../clib/signal.c                         0x00000000   Number         0  defsig_abrt_inner.o ABSOLUTE
    ../clib/signal.c                         0x00000000   Number         0  defsig_exit.o ABSOLUTE
    ../clib/signal.c                         0x00000000   Number         0  defsig_rtmem_outer.o ABSOLUTE
    ../clib/signal.s                         0x00000000   Number         0  defsig.o ABSOLUTE
    ../clib/stdlib.c                         0x00000000   Number         0  exit.o ABSOLUTE
    ../fplib/d2f.s                           0x00000000   Number         0  d2f.o ABSOLUTE
    ../fplib/dcheck1.s                       0x00000000   Number         0  dcheck1.o ABSOLUTE
    ../fplib/dflt.s                          0x00000000   Number         0  dflt_clz.o ABSOLUTE
    ../fplib/dnaninf.s                       0x00000000   Number         0  dnaninf.o ABSOLUTE
    ../fplib/ffix.s                          0x00000000   Number         0  ffix.o ABSOLUTE
    ../fplib/fflt.s                          0x00000000   Number         0  fflt_clz.o ABSOLUTE
    ../fplib/fmul.s                          0x00000000   Number         0  fmul.o ABSOLUTE
    ../fplib/fnaninf.s                       0x00000000   Number         0  fnaninf.o ABSOLUTE
    ../fplib/fpinit.s                        0x00000000   Number         0  fpinit.o ABSOLUTE
    ../fplib/fretinf.s                       0x00000000   Number         0  fretinf.o ABSOLUTE
    ../fplib/retnan.s                        0x00000000   Number         0  retnan.o ABSOLUTE
    ../fplib/scalbn.s                        0x00000000   Number         0  scalbn.o ABSOLUTE
    ../fplib/trapv.s                         0x00000000   Number         0  trapv.o ABSOLUTE
    ../fplib/usenofp.s                       0x00000000   Number         0  usenofp.o ABSOLUTE
    Function\Delay.c                         0x00000000   Number         0  delay.o ABSOLUTE
    Function\Timer.c                         0x00000000   Number         0  timer.o ABSOLUTE
    Hardware\Beep.c                          0x00000000   Number         0  beep.o ABSOLUTE
    Hardware\Bluetooth.c                     0x00000000   Number         0  bluetooth.o ABSOLUTE
    Hardware\CountSensor.c                   0x00000000   Number         0  countsensor.o ABSOLUTE
    Hardware\Encoder.c                       0x00000000   Number         0  encoder.o ABSOLUTE
    Hardware\HCSR04.c                        0x00000000   Number         0  hcsr04.o ABSOLUTE
    Hardware\HDL_WS2812B.c                   0x00000000   Number         0  hdl_ws2812b.o ABSOLUTE
    Hardware\K210Usart.c                     0x00000000   Number         0  k210usart.o ABSOLUTE
    Hardware\KEY.c                           0x00000000   Number         0  key.o ABSOLUTE
    Hardware\LED.c                           0x00000000   Number         0  led.o ABSOLUTE
    Hardware\MPU6050.c                       0x00000000   Number         0  mpu6050.o ABSOLUTE
    Hardware\Motor.c                         0x00000000   Number         0  motor.o ABSOLUTE
    Hardware\MyI2C.c                         0x00000000   Number         0  myi2c.o ABSOLUTE
    Hardware\OLED.c                          0x00000000   Number         0  oled.o ABSOLUTE
    Hardware\PWM.c                           0x00000000   Number         0  pwm.o ABSOLUTE
    Hardware\Servo.c                         0x00000000   Number         0  servo.o ABSOLUTE
    Hardware\Temperature.c                   0x00000000   Number         0  temperature.o ABSOLUTE
    Library\misc.c                           0x00000000   Number         0  misc.o ABSOLUTE
    Library\stm32f10x_adc.c                  0x00000000   Number         0  stm32f10x_adc.o ABSOLUTE
    Library\stm32f10x_bkp.c                  0x00000000   Number         0  stm32f10x_bkp.o ABSOLUTE
    Library\stm32f10x_can.c                  0x00000000   Number         0  stm32f10x_can.o ABSOLUTE
    Library\stm32f10x_cec.c                  0x00000000   Number         0  stm32f10x_cec.o ABSOLUTE
    Library\stm32f10x_crc.c                  0x00000000   Number         0  stm32f10x_crc.o ABSOLUTE
    Library\stm32f10x_dac.c                  0x00000000   Number         0  stm32f10x_dac.o ABSOLUTE
    Library\stm32f10x_dbgmcu.c               0x00000000   Number         0  stm32f10x_dbgmcu.o ABSOLUTE
    Library\stm32f10x_dma.c                  0x00000000   Number         0  stm32f10x_dma.o ABSOLUTE
    Library\stm32f10x_exti.c                 0x00000000   Number         0  stm32f10x_exti.o ABSOLUTE
    Library\stm32f10x_flash.c                0x00000000   Number         0  stm32f10x_flash.o ABSOLUTE
    Library\stm32f10x_fsmc.c                 0x00000000   Number         0  stm32f10x_fsmc.o ABSOLUTE
    Library\stm32f10x_gpio.c                 0x00000000   Number         0  stm32f10x_gpio.o ABSOLUTE
    Library\stm32f10x_i2c.c                  0x00000000   Number         0  stm32f10x_i2c.o ABSOLUTE
    Library\stm32f10x_iwdg.c                 0x00000000   Number         0  stm32f10x_iwdg.o ABSOLUTE
    Library\stm32f10x_pwr.c                  0x00000000   Number         0  stm32f10x_pwr.o ABSOLUTE
    Library\stm32f10x_rcc.c                  0x00000000   Number         0  stm32f10x_rcc.o ABSOLUTE
    Library\stm32f10x_rtc.c                  0x00000000   Number         0  stm32f10x_rtc.o ABSOLUTE
    Library\stm32f10x_sdio.c                 0x00000000   Number         0  stm32f10x_sdio.o ABSOLUTE
    Library\stm32f10x_spi.c                  0x00000000   Number         0  stm32f10x_spi.o ABSOLUTE
    Library\stm32f10x_tim.c                  0x00000000   Number         0  stm32f10x_tim.o ABSOLUTE
    Library\stm32f10x_usart.c                0x00000000   Number         0  stm32f10x_usart.o ABSOLUTE
    Library\stm32f10x_wwdg.c                 0x00000000   Number         0  stm32f10x_wwdg.o ABSOLUTE
    Start\\core_cm3.c                        0x00000000   Number         0  core_cm3.o ABSOLUTE
    Start\core_cm3.c                         0x00000000   Number         0  core_cm3.o ABSOLUTE
    Start\startup_stm32f10x_md.s             0x00000000   Number         0  startup_stm32f10x_md.o ABSOLUTE
    Start\system_stm32f10x.c                 0x00000000   Number         0  system_stm32f10x.o ABSOLUTE
    User\main.c                              0x00000000   Number         0  main.o ABSOLUTE
    User\stm32f10x_it.c                      0x00000000   Number         0  stm32f10x_it.o ABSOLUTE
    dc.s                                     0x00000000   Number         0  dc.o ABSOLUTE
    RESET                                    0x08000000   Section      236  startup_stm32f10x_md.o(RESET)
    !!!main                                  0x080000ec   Section        8  __main.o(!!!main)
    !!!scatter                               0x080000f4   Section       52  __scatter.o(!!!scatter)
    !!handler_copy                           0x08000128   Section       26  __scatter_copy.o(!!handler_copy)
    !!handler_zi                             0x08000144   Section       28  __scatter_zi.o(!!handler_zi)
    .ARM.Collect$$libinit$$00000000          0x08000160   Section        2  libinit.o(.ARM.Collect$$libinit$$00000000)
    .ARM.Collect$$libinit$$00000002          0x08000162   Section        0  libinit2.o(.ARM.Collect$$libinit$$00000002)
    .ARM.Collect$$libinit$$00000004          0x08000162   Section        0  libinit2.o(.ARM.Collect$$libinit$$00000004)
    .ARM.Collect$$libinit$$0000000A          0x08000162   Section        0  libinit2.o(.ARM.Collect$$libinit$$0000000A)
    .ARM.Collect$$libinit$$0000000C          0x08000162   Section        0  libinit2.o(.ARM.Collect$$libinit$$0000000C)
    .ARM.Collect$$libinit$$0000000E          0x08000162   Section        0  libinit2.o(.ARM.Collect$$libinit$$0000000E)
    .ARM.Collect$$libinit$$00000011          0x08000162   Section        0  libinit2.o(.ARM.Collect$$libinit$$00000011)
    .ARM.Collect$$libinit$$00000013          0x08000162   Section        0  libinit2.o(.ARM.Collect$$libinit$$00000013)
    .ARM.Collect$$libinit$$00000015          0x08000162   Section        0  libinit2.o(.ARM.Collect$$libinit$$00000015)
    .ARM.Collect$$libinit$$00000017          0x08000162   Section        0  libinit2.o(.ARM.Collect$$libinit$$00000017)
    .ARM.Collect$$libinit$$00000019          0x08000162   Section        0  libinit2.o(.ARM.Collect$$libinit$$00000019)
    .ARM.Collect$$libinit$$0000001B          0x08000162   Section        0  libinit2.o(.ARM.Collect$$libinit$$0000001B)
    .ARM.Collect$$libinit$$0000001D          0x08000162   Section        0  libinit2.o(.ARM.Collect$$libinit$$0000001D)
    .ARM.Collect$$libinit$$0000001F          0x08000162   Section        0  libinit2.o(.ARM.Collect$$libinit$$0000001F)
    .ARM.Collect$$libinit$$00000021          0x08000162   Section        0  libinit2.o(.ARM.Collect$$libinit$$00000021)
    .ARM.Collect$$libinit$$00000023          0x08000162   Section        0  libinit2.o(.ARM.Collect$$libinit$$00000023)
    .ARM.Collect$$libinit$$00000025          0x08000162   Section        0  libinit2.o(.ARM.Collect$$libinit$$00000025)
    .ARM.Collect$$libinit$$0000002C          0x08000162   Section        0  libinit2.o(.ARM.Collect$$libinit$$0000002C)
    .ARM.Collect$$libinit$$0000002E          0x08000162   Section        0  libinit2.o(.ARM.Collect$$libinit$$0000002E)
    .ARM.Collect$$libinit$$00000030          0x08000162   Section        0  libinit2.o(.ARM.Collect$$libinit$$00000030)
    .ARM.Collect$$libinit$$00000032          0x08000162   Section        0  libinit2.o(.ARM.Collect$$libinit$$00000032)
    .ARM.Collect$$libinit$$00000033          0x08000162   Section        2  libinit2.o(.ARM.Collect$$libinit$$00000033)
    .ARM.Collect$$libshutdown$$00000000      0x08000164   Section        2  libshutdown.o(.ARM.Collect$$libshutdown$$00000000)
    .ARM.Collect$$libshutdown$$00000002      0x08000166   Section        0  libshutdown2.o(.ARM.Collect$$libshutdown$$00000002)
    .ARM.Collect$$libshutdown$$00000004      0x08000166   Section        0  libshutdown2.o(.ARM.Collect$$libshutdown$$00000004)
    .ARM.Collect$$libshutdown$$00000007      0x08000166   Section        0  libshutdown2.o(.ARM.Collect$$libshutdown$$00000007)
    .ARM.Collect$$libshutdown$$0000000A      0x08000166   Section        0  libshutdown2.o(.ARM.Collect$$libshutdown$$0000000A)
    .ARM.Collect$$libshutdown$$0000000C      0x08000166   Section        0  libshutdown2.o(.ARM.Collect$$libshutdown$$0000000C)
    .ARM.Collect$$libshutdown$$0000000F      0x08000166   Section        0  libshutdown2.o(.ARM.Collect$$libshutdown$$0000000F)
    .ARM.Collect$$libshutdown$$00000010      0x08000166   Section        2  libshutdown2.o(.ARM.Collect$$libshutdown$$00000010)
    .ARM.Collect$$rtentry$$00000000          0x08000168   Section        0  __rtentry.o(.ARM.Collect$$rtentry$$00000000)
    .ARM.Collect$$rtentry$$00000002          0x08000168   Section        0  __rtentry2.o(.ARM.Collect$$rtentry$$00000002)
    .ARM.Collect$$rtentry$$00000004          0x08000168   Section        6  __rtentry4.o(.ARM.Collect$$rtentry$$00000004)
    .ARM.Collect$$rtentry$$00000009          0x0800016e   Section        0  __rtentry2.o(.ARM.Collect$$rtentry$$00000009)
    .ARM.Collect$$rtentry$$0000000A          0x0800016e   Section        4  __rtentry2.o(.ARM.Collect$$rtentry$$0000000A)
    .ARM.Collect$$rtentry$$0000000C          0x08000172   Section        0  __rtentry2.o(.ARM.Collect$$rtentry$$0000000C)
    .ARM.Collect$$rtentry$$0000000D          0x08000172   Section        8  __rtentry2.o(.ARM.Collect$$rtentry$$0000000D)
    .ARM.Collect$$rtexit$$00000000           0x0800017a   Section        2  rtexit.o(.ARM.Collect$$rtexit$$00000000)
    .ARM.Collect$$rtexit$$00000002           0x0800017c   Section        0  rtexit2.o(.ARM.Collect$$rtexit$$00000002)
    .ARM.Collect$$rtexit$$00000003           0x0800017c   Section        4  rtexit2.o(.ARM.Collect$$rtexit$$00000003)
    .ARM.Collect$$rtexit$$00000004           0x08000180   Section        6  rtexit2.o(.ARM.Collect$$rtexit$$00000004)
    .text                                    0x08000188   Section       64  startup_stm32f10x_md.o(.text)
    .text                                    0x080001c8   Section      238  lludivv7m.o(.text)
    .text                                    0x080002b6   Section        0  heapauxi.o(.text)
    .text                                    0x080002bc   Section       74  sys_stackheap_outer.o(.text)
    .text                                    0x08000306   Section        0  exit.o(.text)
    .text                                    0x08000318   Section        8  libspace.o(.text)
    .text                                    0x08000320   Section        0  sys_exit.o(.text)
    .text                                    0x0800032c   Section        2  use_no_semi.o(.text)
    .text                                    0x0800032e   Section        0  indicate_semi.o(.text)
    i.BEEP_Init                              0x08000330   Section        0  beep.o(i.BEEP_Init)
    i.Bluetooth_Init                         0x08000364   Section        0  bluetooth.o(i.Bluetooth_Init)
    i.BusFault_Handler                       0x08000418   Section        0  stm32f10x_it.o(i.BusFault_Handler)
    i.CountSensor_Init                       0x0800041c   Section        0  countsensor.o(i.CountSensor_Init)
    i.DS18B20_GPIO_Config                    0x08000448   Section        0  temperature.o(i.DS18B20_GPIO_Config)
    DS18B20_GPIO_Config                      0x08000449   Thumb Code    50  temperature.o(i.DS18B20_GPIO_Config)
    i.DS18B20_Get_Temp                       0x08000480   Section        0  temperature.o(i.DS18B20_Get_Temp)
    i.DS18B20_Init                           0x080004ea   Section        0  temperature.o(i.DS18B20_Init)
    i.DS18B20_Mode_IPU                       0x080004fc   Section        0  temperature.o(i.DS18B20_Mode_IPU)
    DS18B20_Mode_IPU                         0x080004fd   Thumb Code    26  temperature.o(i.DS18B20_Mode_IPU)
    i.DS18B20_Mode_Out_PP                    0x0800051c   Section        0  temperature.o(i.DS18B20_Mode_Out_PP)
    DS18B20_Mode_Out_PP                      0x0800051d   Thumb Code    32  temperature.o(i.DS18B20_Mode_Out_PP)
    i.DS18B20_Presence                       0x08000540   Section        0  temperature.o(i.DS18B20_Presence)
    DS18B20_Presence                         0x08000541   Thumb Code    88  temperature.o(i.DS18B20_Presence)
    i.DS18B20_Read_Bit                       0x0800059c   Section        0  temperature.o(i.DS18B20_Read_Bit)
    DS18B20_Read_Bit                         0x0800059d   Thumb Code    58  temperature.o(i.DS18B20_Read_Bit)
    i.DS18B20_Read_Byte                      0x080005dc   Section        0  temperature.o(i.DS18B20_Read_Byte)
    i.DS18B20_Rst                            0x080005f8   Section        0  temperature.o(i.DS18B20_Rst)
    DS18B20_Rst                              0x080005f9   Thumb Code    46  temperature.o(i.DS18B20_Rst)
    i.DS18B20_Write_Byte                     0x0800062c   Section        0  temperature.o(i.DS18B20_Write_Byte)
    i.DebugMon_Handler                       0x08000690   Section        0  stm32f10x_it.o(i.DebugMon_Handler)
    i.Delay_ms                               0x08000692   Section        0  delay.o(i.Delay_ms)
    i.Delay_us                               0x080006aa   Section        0  delay.o(i.Delay_us)
    i.GPIO_Init                              0x080006ca   Section        0  stm32f10x_gpio.o(i.GPIO_Init)
    i.GPIO_ReadInputDataBit                  0x08000770   Section        0  stm32f10x_gpio.o(i.GPIO_ReadInputDataBit)
    i.GPIO_ResetBits                         0x0800077e   Section        0  stm32f10x_gpio.o(i.GPIO_ResetBits)
    i.GPIO_SetBits                           0x08000782   Section        0  stm32f10x_gpio.o(i.GPIO_SetBits)
    i.GPIO_WriteBit                          0x08000786   Section        0  stm32f10x_gpio.o(i.GPIO_WriteBit)
    i.GetRxData                              0x08000794   Section        0  bluetooth.o(i.GetRxData)
    i.GetRxFlag                              0x080007a0   Section        0  bluetooth.o(i.GetRxFlag)
    i.HC_SR04_Init                           0x080007b8   Section        0  hcsr04.o(i.HC_SR04_Init)
    i.HardFault_Handler                      0x08000808   Section        0  stm32f10x_it.o(i.HardFault_Handler)
    i.MPU6050_GetData                        0x0800080a   Section        0  mpu6050.o(i.MPU6050_GetData)
    i.MPU6050_GetID                          0x0800089c   Section        0  mpu6050.o(i.MPU6050_GetID)
    i.MPU6050_Init                           0x080008a2   Section        0  mpu6050.o(i.MPU6050_Init)
    i.MPU6050_ReadReg                        0x080008dc   Section        0  mpu6050.o(i.MPU6050_ReadReg)
    i.MPU6050_WriteReg                       0x0800091a   Section        0  mpu6050.o(i.MPU6050_WriteReg)
    i.MemManage_Handler                      0x0800094a   Section        0  stm32f10x_it.o(i.MemManage_Handler)
    i.Motor_BackWard                         0x0800094c   Section        0  motor.o(i.Motor_BackWard)
    i.Motor_ForWard                          0x08000988   Section        0  motor.o(i.Motor_ForWard)
    i.Motor_Init                             0x080009c4   Section        0  motor.o(i.Motor_Init)
    i.Motor_Stop                             0x080009f4   Section        0  motor.o(i.Motor_Stop)
    i.Motor_Turn_Left                        0x08000a30   Section        0  motor.o(i.Motor_Turn_Left)
    i.Motor_Turn_Right                       0x08000a6c   Section        0  motor.o(i.Motor_Turn_Right)
    i.MyI2C_Init                             0x08000aa8   Section        0  myi2c.o(i.MyI2C_Init)
    i.MyI2C_R_SDA                            0x08000ae0   Section        0  myi2c.o(i.MyI2C_R_SDA)
    i.MyI2C_ReceiveAck                       0x08000afc   Section        0  myi2c.o(i.MyI2C_ReceiveAck)
    i.MyI2C_ReceiveByte                      0x08000b1a   Section        0  myi2c.o(i.MyI2C_ReceiveByte)
    i.MyI2C_SendAck                          0x08000b4e   Section        0  myi2c.o(i.MyI2C_SendAck)
    i.MyI2C_SendByte                         0x08000b64   Section        0  myi2c.o(i.MyI2C_SendByte)
    i.MyI2C_Start                            0x08000b8c   Section        0  myi2c.o(i.MyI2C_Start)
    i.MyI2C_Stop                             0x08000baa   Section        0  myi2c.o(i.MyI2C_Stop)
    i.MyI2C_W_SCL                            0x08000bc4   Section        0  myi2c.o(i.MyI2C_W_SCL)
    i.MyI2C_W_SDA                            0x08000be0   Section        0  myi2c.o(i.MyI2C_W_SDA)
    i.NMI_Handler                            0x08000bfc   Section        0  stm32f10x_it.o(i.NMI_Handler)
    i.NVIC_Init                              0x08000c00   Section        0  misc.o(i.NVIC_Init)
    i.NVIC_PriorityGroupConfig               0x08000c64   Section        0  misc.o(i.NVIC_PriorityGroupConfig)
    i.OLED_Clear                             0x08000c78   Section        0  oled.o(i.OLED_Clear)
    i.OLED_I2C_Init                          0x08000ca0   Section        0  oled.o(i.OLED_I2C_Init)
    i.OLED_I2C_SendByte                      0x08000cf0   Section        0  oled.o(i.OLED_I2C_SendByte)
    i.OLED_I2C_Start                         0x08000d4c   Section        0  oled.o(i.OLED_I2C_Start)
    i.OLED_I2C_Stop                          0x08000d84   Section        0  oled.o(i.OLED_I2C_Stop)
    i.OLED_Init                              0x08000db4   Section        0  oled.o(i.OLED_Init)
    i.OLED_Pow                               0x08000e60   Section        0  oled.o(i.OLED_Pow)
    i.OLED_SetCursor                         0x08000e70   Section        0  oled.o(i.OLED_SetCursor)
    i.OLED_ShowChar                          0x08000e94   Section        0  oled.o(i.OLED_ShowChar)
    i.OLED_ShowFNum                          0x08000eec   Section        0  oled.o(i.OLED_ShowFNum)
    i.OLED_ShowNum                           0x08000fa6   Section        0  oled.o(i.OLED_ShowNum)
    i.OLED_ShowSignedNum                     0x08000fe6   Section        0  oled.o(i.OLED_ShowSignedNum)
    i.OLED_ShowString                        0x08001048   Section        0  oled.o(i.OLED_ShowString)
    i.OLED_WriteCommand                      0x0800106e   Section        0  oled.o(i.OLED_WriteCommand)
    i.OLED_WriteData                         0x08001090   Section        0  oled.o(i.OLED_WriteData)
    i.PWM_Init                               0x080010b4   Section        0  pwm.o(i.PWM_Init)
    i.PWM_SetCompare1                        0x08001148   Section        0  pwm.o(i.PWM_SetCompare1)
    i.PWM_SetCompare2                        0x08001154   Section        0  pwm.o(i.PWM_SetCompare2)
    i.PendSV_Handler                         0x08001160   Section        0  stm32f10x_it.o(i.PendSV_Handler)
    i.RCC_APB1PeriphClockCmd                 0x08001164   Section        0  stm32f10x_rcc.o(i.RCC_APB1PeriphClockCmd)
    i.RCC_APB2PeriphClockCmd                 0x08001180   Section        0  stm32f10x_rcc.o(i.RCC_APB2PeriphClockCmd)
    i.RCC_GetClocksFreq                      0x0800119c   Section        0  stm32f10x_rcc.o(i.RCC_GetClocksFreq)
    i.SVC_Handler                            0x08001248   Section        0  stm32f10x_it.o(i.SVC_Handler)
    i.SendByte                               0x0800124c   Section        0  bluetooth.o(i.SendByte)
    i.Serial_Init                            0x0800126c   Section        0  k210usart.o(i.Serial_Init)
    i.SetSysClock                            0x08001304   Section        0  system_stm32f10x.o(i.SetSysClock)
    SetSysClock                              0x08001305   Thumb Code     4  system_stm32f10x.o(i.SetSysClock)
    i.SetSysClockTo72                        0x08001308   Section        0  system_stm32f10x.o(i.SetSysClockTo72)
    SetSysClockTo72                          0x08001309   Thumb Code   166  system_stm32f10x.o(i.SetSysClockTo72)
    i.SysTick_Handler                        0x080013b8   Section        0  stm32f10x_it.o(i.SysTick_Handler)
    i.SystemInit                             0x080013bc   Section        0  system_stm32f10x.o(i.SystemInit)
    i.TIM3_IRQHandler                        0x0800140c   Section        0  hcsr04.o(i.TIM3_IRQHandler)
    i.TIM_ClearFlag                          0x08001440   Section        0  stm32f10x_tim.o(i.TIM_ClearFlag)
    i.TIM_ClearITPendingBit                  0x08001446   Section        0  stm32f10x_tim.o(i.TIM_ClearITPendingBit)
    i.TIM_Cmd                                0x0800144c   Section        0  stm32f10x_tim.o(i.TIM_Cmd)
    i.TIM_GetITStatus                        0x08001464   Section        0  stm32f10x_tim.o(i.TIM_GetITStatus)
    i.TIM_ITConfig                           0x0800147c   Section        0  stm32f10x_tim.o(i.TIM_ITConfig)
    i.TIM_InternalClockConfig                0x08001490   Section        0  stm32f10x_tim.o(i.TIM_InternalClockConfig)
    i.TIM_OC1Init                            0x0800149c   Section        0  stm32f10x_tim.o(i.TIM_OC1Init)
    i.TIM_OC2Init                            0x08001524   Section        0  stm32f10x_tim.o(i.TIM_OC2Init)
    i.TIM_SetCompare1                        0x080015ac   Section        0  stm32f10x_tim.o(i.TIM_SetCompare1)
    i.TIM_SetCompare2                        0x080015b0   Section        0  stm32f10x_tim.o(i.TIM_SetCompare2)
    i.TIM_TimeBaseInit                       0x080015b4   Section        0  stm32f10x_tim.o(i.TIM_TimeBaseInit)
    i.Timer_Init                             0x08001650   Section        0  timer.o(i.Timer_Init)
    i.USART1_IRQHandler                      0x080016c8   Section        0  bluetooth.o(i.USART1_IRQHandler)
    i.USART2_IRQHandler                      0x08001700   Section        0  k210usart.o(i.USART2_IRQHandler)
    i.USART_ClearITPendingBit                0x080017c0   Section        0  stm32f10x_usart.o(i.USART_ClearITPendingBit)
    i.USART_Cmd                              0x080017d0   Section        0  stm32f10x_usart.o(i.USART_Cmd)
    i.USART_GetFlagStatus                    0x080017e8   Section        0  stm32f10x_usart.o(i.USART_GetFlagStatus)
    i.USART_GetITStatus                      0x080017f6   Section        0  stm32f10x_usart.o(i.USART_GetITStatus)
    i.USART_ITConfig                         0x08001836   Section        0  stm32f10x_usart.o(i.USART_ITConfig)
    i.USART_Init                             0x0800186c   Section        0  stm32f10x_usart.o(i.USART_Init)
    i.USART_ReceiveData                      0x08001928   Section        0  stm32f10x_usart.o(i.USART_ReceiveData)
    i.USART_SendData                         0x08001930   Section        0  stm32f10x_usart.o(i.USART_SendData)
    i.UsageFault_Handler                     0x08001938   Section        0  stm32f10x_it.o(i.UsageFault_Handler)
    i.main                                   0x0800193c   Section        0  main.o(i.main)
    i.numlen                                 0x08001d28   Section        0  main.o(i.numlen)
    i.sonar_mm                               0x08001d50   Section        0  hcsr04.o(i.sonar_mm)
    x$fpl$d2f                                0x08001de0   Section       98  d2f.o(x$fpl$d2f)
    x$fpl$dcheck1                            0x08001e44   Section       16  dcheck1.o(x$fpl$dcheck1)
    x$fpl$dflt                               0x08001e54   Section       46  dflt_clz.o(x$fpl$dflt)
    x$fpl$dnaninf                            0x08001e82   Section      156  dnaninf.o(x$fpl$dnaninf)
    x$fpl$ffix                               0x08001f20   Section       54  ffix.o(x$fpl$ffix)
    x$fpl$ffltu                              0x08001f58   Section       38  fflt_clz.o(x$fpl$ffltu)
    x$fpl$fmul                               0x08001f80   Section      258  fmul.o(x$fpl$fmul)
    x$fpl$fnaninf                            0x08002082   Section      140  fnaninf.o(x$fpl$fnaninf)
    x$fpl$fretinf                            0x0800210e   Section       10  fretinf.o(x$fpl$fretinf)
    x$fpl$retnan                             0x08002118   Section      100  retnan.o(x$fpl$retnan)
    x$fpl$scalbn                             0x0800217c   Section       92  scalbn.o(x$fpl$scalbn)
    x$fpl$trapveneer                         0x080021d8   Section       48  trapv.o(x$fpl$trapveneer)
    .constdata                               0x08002208   Section     1520  oled.o(.constdata)
    x$fpl$usenofp                            0x08002208   Section        0  usenofp.o(x$fpl$usenofp)
    .data                                    0x20000000   Section       20  stm32f10x_rcc.o(.data)
    ADCPrescTable                            0x20000000   Data           4  stm32f10x_rcc.o(.data)
    APBAHBPrescTable                         0x20000004   Data          16  stm32f10x_rcc.o(.data)
    .data                                    0x20000014   Section        2  bluetooth.o(.data)
    .data                                    0x20000018   Section       16  hcsr04.o(.data)
    .data                                    0x20000028   Section        5  k210usart.o(.data)
    RxCounter1                               0x20000028   Data           1  k210usart.o(.data)
    RxState                                  0x20000029   Data           1  k210usart.o(.data)
    .data                                    0x2000002e   Section       14  main.o(.data)
    .bss                                     0x2000003c   Section       12  k210usart.o(.bss)
    RxBuffer1                                0x2000003c   Data          12  k210usart.o(.bss)
    .bss                                     0x20000048   Section       96  libspace.o(.bss)
    HEAP                                     0x200000a8   Section      512  startup_stm32f10x_md.o(HEAP)
    Heap_Mem                                 0x200000a8   Data         512  startup_stm32f10x_md.o(HEAP)
    STACK                                    0x200002a8   Section     1024  startup_stm32f10x_md.o(STACK)
    Stack_Mem                                0x200002a8   Data        1024  startup_stm32f10x_md.o(STACK)
    __initial_sp                             0x200006a8   Data           0  startup_stm32f10x_md.o(STACK)

    Global Symbols

    Symbol Name                              Value     Ov Type        Size  Object(Section)

    BuildAttributes$$THM_ISAv4$P$D$K$B$S$PE$A:L22UL41UL21$X:L11$S22US41US21$IEEE1$IW$USESV6$~STKCKD$USESV7$~SHL$OSPACE$ROPI$EBA8$UX$STANDARDLIB$REQ8$PRES8$EABIv2 0x00000000   Number         0  anon$$obj.o ABSOLUTE
    __ARM_use_no_argv                        0x00000000   Number         0  main.o ABSOLUTE
    __ARM_exceptions_init                     - Undefined Weak Reference
    __alloca_initialize                       - Undefined Weak Reference
    __arm_preinit_                            - Undefined Weak Reference
    __cpp_initialize__aeabi_                  - Undefined Weak Reference
    __cxa_finalize                            - Undefined Weak Reference
    __rt_locale                               - Undefined Weak Reference
    __sigvec_lookup                           - Undefined Weak Reference
    _atexit_init                              - Undefined Weak Reference
    _call_atexit_fns                          - Undefined Weak Reference
    _clock_init                               - Undefined Weak Reference
    _fp_trap_init                             - Undefined Weak Reference
    _fp_trap_shutdown                         - Undefined Weak Reference
    _get_lc_collate                           - Undefined Weak Reference
    _get_lc_ctype                             - Undefined Weak Reference
    _get_lc_monetary                          - Undefined Weak Reference
    _get_lc_numeric                           - Undefined Weak Reference
    _get_lc_time                              - Undefined Weak Reference
    _getenv_init                              - Undefined Weak Reference
    _handle_redirection                       - Undefined Weak Reference
    _init_alloc                               - Undefined Weak Reference
    _init_user_alloc                          - Undefined Weak Reference
    _initio                                   - Undefined Weak Reference
    _rand_init                                - Undefined Weak Reference
    _signal_finish                            - Undefined Weak Reference
    _signal_init                              - Undefined Weak Reference
    _terminate_alloc                          - Undefined Weak Reference
    _terminate_user_alloc                     - Undefined Weak Reference
    _terminateio                              - Undefined Weak Reference
    __Vectors_Size                           0x000000ec   Number         0  startup_stm32f10x_md.o ABSOLUTE
    __Vectors                                0x08000000   Data           4  startup_stm32f10x_md.o(RESET)
    __Vectors_End                            0x080000ec   Data           0  startup_stm32f10x_md.o(RESET)
    __main                                   0x080000ed   Thumb Code     8  __main.o(!!!main)
    __scatterload                            0x080000f5   Thumb Code     0  __scatter.o(!!!scatter)
    __scatterload_rt2                        0x080000f5   Thumb Code    44  __scatter.o(!!!scatter)
    __scatterload_rt2_thumb_only             0x080000f5   Thumb Code     0  __scatter.o(!!!scatter)
    __scatterload_null                       0x08000103   Thumb Code     0  __scatter.o(!!!scatter)
    __scatterload_copy                       0x08000129   Thumb Code    26  __scatter_copy.o(!!handler_copy)
    __scatterload_zeroinit                   0x08000145   Thumb Code    28  __scatter_zi.o(!!handler_zi)
    __rt_lib_init                            0x08000161   Thumb Code     0  libinit.o(.ARM.Collect$$libinit$$00000000)
    __rt_lib_init_alloca_1                   0x08000163   Thumb Code     0  libinit2.o(.ARM.Collect$$libinit$$0000002E)
    __rt_lib_init_argv_1                     0x08000163   Thumb Code     0  libinit2.o(.ARM.Collect$$libinit$$0000002C)
    __rt_lib_init_atexit_1                   0x08000163   Thumb Code     0  libinit2.o(.ARM.Collect$$libinit$$0000001B)
    __rt_lib_init_clock_1                    0x08000163   Thumb Code     0  libinit2.o(.ARM.Collect$$libinit$$00000021)
    __rt_lib_init_cpp_1                      0x08000163   Thumb Code     0  libinit2.o(.ARM.Collect$$libinit$$00000032)
    __rt_lib_init_exceptions_1               0x08000163   Thumb Code     0  libinit2.o(.ARM.Collect$$libinit$$00000030)
    __rt_lib_init_fp_1                       0x08000163   Thumb Code     0  libinit2.o(.ARM.Collect$$libinit$$00000002)
    __rt_lib_init_fp_trap_1                  0x08000163   Thumb Code     0  libinit2.o(.ARM.Collect$$libinit$$0000001F)
    __rt_lib_init_getenv_1                   0x08000163   Thumb Code     0  libinit2.o(.ARM.Collect$$libinit$$00000023)
    __rt_lib_init_heap_1                     0x08000163   Thumb Code     0  libinit2.o(.ARM.Collect$$libinit$$0000000A)
    __rt_lib_init_lc_collate_1               0x08000163   Thumb Code     0  libinit2.o(.ARM.Collect$$libinit$$00000011)
    __rt_lib_init_lc_ctype_1                 0x08000163   Thumb Code     0  libinit2.o(.ARM.Collect$$libinit$$00000013)
    __rt_lib_init_lc_monetary_1              0x08000163   Thumb Code     0  libinit2.o(.ARM.Collect$$libinit$$00000015)
    __rt_lib_init_lc_numeric_1               0x08000163   Thumb Code     0  libinit2.o(.ARM.Collect$$libinit$$00000017)
    __rt_lib_init_lc_time_1                  0x08000163   Thumb Code     0  libinit2.o(.ARM.Collect$$libinit$$00000019)
    __rt_lib_init_preinit_1                  0x08000163   Thumb Code     0  libinit2.o(.ARM.Collect$$libinit$$00000004)
    __rt_lib_init_rand_1                     0x08000163   Thumb Code     0  libinit2.o(.ARM.Collect$$libinit$$0000000E)
    __rt_lib_init_return                     0x08000163   Thumb Code     0  libinit2.o(.ARM.Collect$$libinit$$00000033)
    __rt_lib_init_signal_1                   0x08000163   Thumb Code     0  libinit2.o(.ARM.Collect$$libinit$$0000001D)
    __rt_lib_init_stdio_1                    0x08000163   Thumb Code     0  libinit2.o(.ARM.Collect$$libinit$$00000025)
    __rt_lib_init_user_alloc_1               0x08000163   Thumb Code     0  libinit2.o(.ARM.Collect$$libinit$$0000000C)
    __rt_lib_shutdown                        0x08000165   Thumb Code     0  libshutdown.o(.ARM.Collect$$libshutdown$$00000000)
    __rt_lib_shutdown_cpp_1                  0x08000167   Thumb Code     0  libshutdown2.o(.ARM.Collect$$libshutdown$$00000002)
    __rt_lib_shutdown_fp_trap_1              0x08000167   Thumb Code     0  libshutdown2.o(.ARM.Collect$$libshutdown$$00000007)
    __rt_lib_shutdown_heap_1                 0x08000167   Thumb Code     0  libshutdown2.o(.ARM.Collect$$libshutdown$$0000000F)
    __rt_lib_shutdown_return                 0x08000167   Thumb Code     0  libshutdown2.o(.ARM.Collect$$libshutdown$$00000010)
    __rt_lib_shutdown_signal_1               0x08000167   Thumb Code     0  libshutdown2.o(.ARM.Collect$$libshutdown$$0000000A)
    __rt_lib_shutdown_stdio_1                0x08000167   Thumb Code     0  libshutdown2.o(.ARM.Collect$$libshutdown$$00000004)
    __rt_lib_shutdown_user_alloc_1           0x08000167   Thumb Code     0  libshutdown2.o(.ARM.Collect$$libshutdown$$0000000C)
    __rt_entry                               0x08000169   Thumb Code     0  __rtentry.o(.ARM.Collect$$rtentry$$00000000)
    __rt_entry_presh_1                       0x08000169   Thumb Code     0  __rtentry2.o(.ARM.Collect$$rtentry$$00000002)
    __rt_entry_sh                            0x08000169   Thumb Code     0  __rtentry4.o(.ARM.Collect$$rtentry$$00000004)
    __rt_entry_li                            0x0800016f   Thumb Code     0  __rtentry2.o(.ARM.Collect$$rtentry$$0000000A)
    __rt_entry_postsh_1                      0x0800016f   Thumb Code     0  __rtentry2.o(.ARM.Collect$$rtentry$$00000009)
    __rt_entry_main                          0x08000173   Thumb Code     0  __rtentry2.o(.ARM.Collect$$rtentry$$0000000D)
    __rt_entry_postli_1                      0x08000173   Thumb Code     0  __rtentry2.o(.ARM.Collect$$rtentry$$0000000C)
    __rt_exit                                0x0800017b   Thumb Code     0  rtexit.o(.ARM.Collect$$rtexit$$00000000)
    __rt_exit_ls                             0x0800017d   Thumb Code     0  rtexit2.o(.ARM.Collect$$rtexit$$00000003)
    __rt_exit_prels_1                        0x0800017d   Thumb Code     0  rtexit2.o(.ARM.Collect$$rtexit$$00000002)
    __rt_exit_exit                           0x08000181   Thumb Code     0  rtexit2.o(.ARM.Collect$$rtexit$$00000004)
    Reset_Handler                            0x08000189   Thumb Code     8  startup_stm32f10x_md.o(.text)
    ADC1_2_IRQHandler                        0x080001a3   Thumb Code     0  startup_stm32f10x_md.o(.text)
    CAN1_RX1_IRQHandler                      0x080001a3   Thumb Code     0  startup_stm32f10x_md.o(.text)
    CAN1_SCE_IRQHandler                      0x080001a3   Thumb Code     0  startup_stm32f10x_md.o(.text)
    DMA1_Channel1_IRQHandler                 0x080001a3   Thumb Code     0  startup_stm32f10x_md.o(.text)
    DMA1_Channel2_IRQHandler                 0x080001a3   Thumb Code     0  startup_stm32f10x_md.o(.text)
    DMA1_Channel3_IRQHandler                 0x080001a3   Thumb Code     0  startup_stm32f10x_md.o(.text)
    DMA1_Channel4_IRQHandler                 0x080001a3   Thumb Code     0  startup_stm32f10x_md.o(.text)
    DMA1_Channel5_IRQHandler                 0x080001a3   Thumb Code     0  startup_stm32f10x_md.o(.text)
    DMA1_Channel6_IRQHandler                 0x080001a3   Thumb Code     0  startup_stm32f10x_md.o(.text)
    DMA1_Channel7_IRQHandler                 0x080001a3   Thumb Code     0  startup_stm32f10x_md.o(.text)
    EXTI0_IRQHandler                         0x080001a3   Thumb Code     0  startup_stm32f10x_md.o(.text)
    EXTI15_10_IRQHandler                     0x080001a3   Thumb Code     0  startup_stm32f10x_md.o(.text)
    EXTI1_IRQHandler                         0x080001a3   Thumb Code     0  startup_stm32f10x_md.o(.text)
    EXTI2_IRQHandler                         0x080001a3   Thumb Code     0  startup_stm32f10x_md.o(.text)
    EXTI3_IRQHandler                         0x080001a3   Thumb Code     0  startup_stm32f10x_md.o(.text)
    EXTI4_IRQHandler                         0x080001a3   Thumb Code     0  startup_stm32f10x_md.o(.text)
    EXTI9_5_IRQHandler                       0x080001a3   Thumb Code     0  startup_stm32f10x_md.o(.text)
    FLASH_IRQHandler                         0x080001a3   Thumb Code     0  startup_stm32f10x_md.o(.text)
    I2C1_ER_IRQHandler                       0x080001a3   Thumb Code     0  startup_stm32f10x_md.o(.text)
    I2C1_EV_IRQHandler                       0x080001a3   Thumb Code     0  startup_stm32f10x_md.o(.text)
    I2C2_ER_IRQHandler                       0x080001a3   Thumb Code     0  startup_stm32f10x_md.o(.text)
    I2C2_EV_IRQHandler                       0x080001a3   Thumb Code     0  startup_stm32f10x_md.o(.text)
    PVD_IRQHandler                           0x080001a3   Thumb Code     0  startup_stm32f10x_md.o(.text)
    RCC_IRQHandler                           0x080001a3   Thumb Code     0  startup_stm32f10x_md.o(.text)
    RTCAlarm_IRQHandler                      0x080001a3   Thumb Code     0  startup_stm32f10x_md.o(.text)
    RTC_IRQHandler                           0x080001a3   Thumb Code     0  startup_stm32f10x_md.o(.text)
    SPI1_IRQHandler                          0x080001a3   Thumb Code     0  startup_stm32f10x_md.o(.text)
    SPI2_IRQHandler                          0x080001a3   Thumb Code     0  startup_stm32f10x_md.o(.text)
    TAMPER_IRQHandler                        0x080001a3   Thumb Code     0  startup_stm32f10x_md.o(.text)
    TIM1_BRK_IRQHandler                      0x080001a3   Thumb Code     0  startup_stm32f10x_md.o(.text)
    TIM1_CC_IRQHandler                       0x080001a3   Thumb Code     0  startup_stm32f10x_md.o(.text)
    TIM1_TRG_COM_IRQHandler                  0x080001a3   Thumb Code     0  startup_stm32f10x_md.o(.text)
    TIM1_UP_IRQHandler                       0x080001a3   Thumb Code     0  startup_stm32f10x_md.o(.text)
    TIM2_IRQHandler                          0x080001a3   Thumb Code     0  startup_stm32f10x_md.o(.text)
    TIM4_IRQHandler                          0x080001a3   Thumb Code     0  startup_stm32f10x_md.o(.text)
    USART3_IRQHandler                        0x080001a3   Thumb Code     0  startup_stm32f10x_md.o(.text)
    USBWakeUp_IRQHandler                     0x080001a3   Thumb Code     0  startup_stm32f10x_md.o(.text)
    USB_HP_CAN1_TX_IRQHandler                0x080001a3   Thumb Code     0  startup_stm32f10x_md.o(.text)
    USB_LP_CAN1_RX0_IRQHandler               0x080001a3   Thumb Code     0  startup_stm32f10x_md.o(.text)
    WWDG_IRQHandler                          0x080001a3   Thumb Code     0  startup_stm32f10x_md.o(.text)
    __user_initial_stackheap                 0x080001a5   Thumb Code     0  startup_stm32f10x_md.o(.text)
    __aeabi_uldivmod                         0x080001c9   Thumb Code     0  lludivv7m.o(.text)
    _ll_udiv                                 0x080001c9   Thumb Code   238  lludivv7m.o(.text)
    __use_two_region_memory                  0x080002b7   Thumb Code     2  heapauxi.o(.text)
    __rt_heap_escrow$2region                 0x080002b9   Thumb Code     2  heapauxi.o(.text)
    __rt_heap_expand$2region                 0x080002bb   Thumb Code     2  heapauxi.o(.text)
    __user_setup_stackheap                   0x080002bd   Thumb Code    74  sys_stackheap_outer.o(.text)
    exit                                     0x08000307   Thumb Code    18  exit.o(.text)
    __user_libspace                          0x08000319   Thumb Code     8  libspace.o(.text)
    __user_perproc_libspace                  0x08000319   Thumb Code     0  libspace.o(.text)
    __user_perthread_libspace                0x08000319   Thumb Code     0  libspace.o(.text)
    _sys_exit                                0x08000321   Thumb Code     8  sys_exit.o(.text)
    __I$use$semihosting                      0x0800032d   Thumb Code     0  use_no_semi.o(.text)
    __use_no_semihosting_swi                 0x0800032d   Thumb Code     2  use_no_semi.o(.text)
    __semihosting_library_function           0x0800032f   Thumb Code     0  indicate_semi.o(.text)
    BEEP_Init                                0x08000331   Thumb Code    48  beep.o(i.BEEP_Init)
    Bluetooth_Init                           0x08000365   Thumb Code   172  bluetooth.o(i.Bluetooth_Init)
    BusFault_Handler                         0x08000419   Thumb Code     2  stm32f10x_it.o(i.BusFault_Handler)
    CountSensor_Init                         0x0800041d   Thumb Code    38  countsensor.o(i.CountSensor_Init)
    DS18B20_Get_Temp                         0x08000481   Thumb Code   106  temperature.o(i.DS18B20_Get_Temp)
    DS18B20_Init                             0x080004eb   Thumb Code    18  temperature.o(i.DS18B20_Init)
    DS18B20_Read_Byte                        0x080005dd   Thumb Code    28  temperature.o(i.DS18B20_Read_Byte)
    DS18B20_Write_Byte                       0x0800062d   Thumb Code    96  temperature.o(i.DS18B20_Write_Byte)
    DebugMon_Handler                         0x08000691   Thumb Code     2  stm32f10x_it.o(i.DebugMon_Handler)
    Delay_ms                                 0x08000693   Thumb Code    24  delay.o(i.Delay_ms)
    Delay_us                                 0x080006ab   Thumb Code    32  delay.o(i.Delay_us)
    GPIO_Init                                0x080006cb   Thumb Code   166  stm32f10x_gpio.o(i.GPIO_Init)
    GPIO_ReadInputDataBit                    0x08000771   Thumb Code    14  stm32f10x_gpio.o(i.GPIO_ReadInputDataBit)
    GPIO_ResetBits                           0x0800077f   Thumb Code     4  stm32f10x_gpio.o(i.GPIO_ResetBits)
    GPIO_SetBits                             0x08000783   Thumb Code     4  stm32f10x_gpio.o(i.GPIO_SetBits)
    GPIO_WriteBit                            0x08000787   Thumb Code    12  stm32f10x_gpio.o(i.GPIO_WriteBit)
    GetRxData                                0x08000795   Thumb Code     6  bluetooth.o(i.GetRxData)
    GetRxFlag                                0x080007a1   Thumb Code    20  bluetooth.o(i.GetRxFlag)
    HC_SR04_Init                             0x080007b9   Thumb Code    76  hcsr04.o(i.HC_SR04_Init)
    HardFault_Handler                        0x08000809   Thumb Code     2  stm32f10x_it.o(i.HardFault_Handler)
    MPU6050_GetData                          0x0800080b   Thumb Code   146  mpu6050.o(i.MPU6050_GetData)
    MPU6050_GetID                            0x0800089d   Thumb Code     6  mpu6050.o(i.MPU6050_GetID)
    MPU6050_Init                             0x080008a3   Thumb Code    58  mpu6050.o(i.MPU6050_Init)
    MPU6050_ReadReg                          0x080008dd   Thumb Code    62  mpu6050.o(i.MPU6050_ReadReg)
    MPU6050_WriteReg                         0x0800091b   Thumb Code    48  mpu6050.o(i.MPU6050_WriteReg)
    MemManage_Handler                        0x0800094b   Thumb Code     2  stm32f10x_it.o(i.MemManage_Handler)
    Motor_BackWard                           0x0800094d   Thumb Code    54  motor.o(i.Motor_BackWard)
    Motor_ForWard                            0x08000989   Thumb Code    54  motor.o(i.Motor_ForWard)
    Motor_Init                               0x080009c5   Thumb Code    42  motor.o(i.Motor_Init)
    Motor_Stop                               0x080009f5   Thumb Code    54  motor.o(i.Motor_Stop)
    Motor_Turn_Left                          0x08000a31   Thumb Code    54  motor.o(i.Motor_Turn_Left)
    Motor_Turn_Right                         0x08000a6d   Thumb Code    54  motor.o(i.Motor_Turn_Right)
    MyI2C_Init                               0x08000aa9   Thumb Code    50  myi2c.o(i.MyI2C_Init)
    MyI2C_R_SDA                              0x08000ae1   Thumb Code    24  myi2c.o(i.MyI2C_R_SDA)
    MyI2C_ReceiveAck                         0x08000afd   Thumb Code    30  myi2c.o(i.MyI2C_ReceiveAck)
    MyI2C_ReceiveByte                        0x08000b1b   Thumb Code    52  myi2c.o(i.MyI2C_ReceiveByte)
    MyI2C_SendAck                            0x08000b4f   Thumb Code    22  myi2c.o(i.MyI2C_SendAck)
    MyI2C_SendByte                           0x08000b65   Thumb Code    40  myi2c.o(i.MyI2C_SendByte)
    MyI2C_Start                              0x08000b8d   Thumb Code    30  myi2c.o(i.MyI2C_Start)
    MyI2C_Stop                               0x08000bab   Thumb Code    24  myi2c.o(i.MyI2C_Stop)
    MyI2C_W_SCL                              0x08000bc5   Thumb Code    24  myi2c.o(i.MyI2C_W_SCL)
    MyI2C_W_SDA                              0x08000be1   Thumb Code    24  myi2c.o(i.MyI2C_W_SDA)
    NMI_Handler                              0x08000bfd   Thumb Code     2  stm32f10x_it.o(i.NMI_Handler)
    NVIC_Init                                0x08000c01   Thumb Code    96  misc.o(i.NVIC_Init)
    NVIC_PriorityGroupConfig                 0x08000c65   Thumb Code    10  misc.o(i.NVIC_PriorityGroupConfig)
    OLED_Clear                               0x08000c79   Thumb Code    38  oled.o(i.OLED_Clear)
    OLED_I2C_Init                            0x08000ca1   Thumb Code    76  oled.o(i.OLED_I2C_Init)
    OLED_I2C_SendByte                        0x08000cf1   Thumb Code    86  oled.o(i.OLED_I2C_SendByte)
    OLED_I2C_Start                           0x08000d4d   Thumb Code    52  oled.o(i.OLED_I2C_Start)
    OLED_I2C_Stop                            0x08000d85   Thumb Code    42  oled.o(i.OLED_I2C_Stop)
    OLED_Init                                0x08000db5   Thumb Code   172  oled.o(i.OLED_Init)
    OLED_Pow                                 0x08000e61   Thumb Code    16  oled.o(i.OLED_Pow)
    OLED_SetCursor                           0x08000e71   Thumb Code    34  oled.o(i.OLED_SetCursor)
    OLED_ShowChar                            0x08000e95   Thumb Code    82  oled.o(i.OLED_ShowChar)
    OLED_ShowFNum                            0x08000eed   Thumb Code   186  oled.o(i.OLED_ShowFNum)
    OLED_ShowNum                             0x08000fa7   Thumb Code    64  oled.o(i.OLED_ShowNum)
    OLED_ShowSignedNum                       0x08000fe7   Thumb Code    98  oled.o(i.OLED_ShowSignedNum)
    OLED_ShowString                          0x08001049   Thumb Code    38  oled.o(i.OLED_ShowString)
    OLED_WriteCommand                        0x0800106f   Thumb Code    34  oled.o(i.OLED_WriteCommand)
    OLED_WriteData                           0x08001091   Thumb Code    34  oled.o(i.OLED_WriteData)
    PWM_Init                                 0x080010b5   Thumb Code   138  pwm.o(i.PWM_Init)
    PWM_SetCompare1                          0x08001149   Thumb Code     8  pwm.o(i.PWM_SetCompare1)
    PWM_SetCompare2                          0x08001155   Thumb Code     8  pwm.o(i.PWM_SetCompare2)
    PendSV_Handler                           0x08001161   Thumb Code     2  stm32f10x_it.o(i.PendSV_Handler)
    RCC_APB1PeriphClockCmd                   0x08001165   Thumb Code    22  stm32f10x_rcc.o(i.RCC_APB1PeriphClockCmd)
    RCC_APB2PeriphClockCmd                   0x08001181   Thumb Code    22  stm32f10x_rcc.o(i.RCC_APB2PeriphClockCmd)
    RCC_GetClocksFreq                        0x0800119d   Thumb Code   154  stm32f10x_rcc.o(i.RCC_GetClocksFreq)
    SVC_Handler                              0x08001249   Thumb Code     2  stm32f10x_it.o(i.SVC_Handler)
    SendByte                                 0x0800124d   Thumb Code    26  bluetooth.o(i.SendByte)
    Serial_Init                              0x0800126d   Thumb Code   144  k210usart.o(i.Serial_Init)
    SysTick_Handler                          0x080013b9   Thumb Code     2  stm32f10x_it.o(i.SysTick_Handler)
    SystemInit                               0x080013bd   Thumb Code    64  system_stm32f10x.o(i.SystemInit)
    TIM3_IRQHandler                          0x0800140d   Thumb Code    44  hcsr04.o(i.TIM3_IRQHandler)
    TIM_ClearFlag                            0x08001441   Thumb Code     6  stm32f10x_tim.o(i.TIM_ClearFlag)
    TIM_ClearITPendingBit                    0x08001447   Thumb Code     6  stm32f10x_tim.o(i.TIM_ClearITPendingBit)
    TIM_Cmd                                  0x0800144d   Thumb Code    24  stm32f10x_tim.o(i.TIM_Cmd)
    TIM_GetITStatus                          0x08001465   Thumb Code    24  stm32f10x_tim.o(i.TIM_GetITStatus)
    TIM_ITConfig                             0x0800147d   Thumb Code    20  stm32f10x_tim.o(i.TIM_ITConfig)
    TIM_InternalClockConfig                  0x08001491   Thumb Code    10  stm32f10x_tim.o(i.TIM_InternalClockConfig)
    TIM_OC1Init                              0x0800149d   Thumb Code   114  stm32f10x_tim.o(i.TIM_OC1Init)
    TIM_OC2Init                              0x08001525   Thumb Code   128  stm32f10x_tim.o(i.TIM_OC2Init)
    TIM_SetCompare1                          0x080015ad   Thumb Code     4  stm32f10x_tim.o(i.TIM_SetCompare1)
    TIM_SetCompare2                          0x080015b1   Thumb Code     4  stm32f10x_tim.o(i.TIM_SetCompare2)
    TIM_TimeBaseInit                         0x080015b5   Thumb Code   114  stm32f10x_tim.o(i.TIM_TimeBaseInit)
    Timer_Init                               0x08001651   Thumb Code   116  timer.o(i.Timer_Init)
    USART1_IRQHandler                        0x080016c9   Thumb Code    48  bluetooth.o(i.USART1_IRQHandler)
    USART2_IRQHandler                        0x08001701   Thumb Code   178  k210usart.o(i.USART2_IRQHandler)
    USART_ClearITPendingBit                  0x080017c1   Thumb Code    16  stm32f10x_usart.o(i.USART_ClearITPendingBit)
    USART_Cmd                                0x080017d1   Thumb Code    24  stm32f10x_usart.o(i.USART_Cmd)
    USART_GetFlagStatus                      0x080017e9   Thumb Code    14  stm32f10x_usart.o(i.USART_GetFlagStatus)
    USART_GetITStatus                        0x080017f7   Thumb Code    64  stm32f10x_usart.o(i.USART_GetITStatus)
    USART_ITConfig                           0x08001837   Thumb Code    54  stm32f10x_usart.o(i.USART_ITConfig)
    USART_Init                               0x0800186d   Thumb Code   182  stm32f10x_usart.o(i.USART_Init)
    USART_ReceiveData                        0x08001929   Thumb Code     8  stm32f10x_usart.o(i.USART_ReceiveData)
    USART_SendData                           0x08001931   Thumb Code     8  stm32f10x_usart.o(i.USART_SendData)
    UsageFault_Handler                       0x08001939   Thumb Code     2  stm32f10x_it.o(i.UsageFault_Handler)
    main                                     0x0800193d   Thumb Code   962  main.o(i.main)
    numlen                                   0x08001d29   Thumb Code    38  main.o(i.numlen)
    sonar_mm                                 0x08001d51   Thumb Code   134  hcsr04.o(i.sonar_mm)
    __aeabi_d2f                              0x08001de1   Thumb Code     0  d2f.o(x$fpl$d2f)
    _d2f                                     0x08001de1   Thumb Code    98  d2f.o(x$fpl$d2f)
    __fpl_dcheck_NaN1                        0x08001e45   Thumb Code    10  dcheck1.o(x$fpl$dcheck1)
    __aeabi_i2d                              0x08001e55   Thumb Code     0  dflt_clz.o(x$fpl$dflt)
    _dflt                                    0x08001e55   Thumb Code    46  dflt_clz.o(x$fpl$dflt)
    __fpl_dnaninf                            0x08001e83   Thumb Code   156  dnaninf.o(x$fpl$dnaninf)
    __aeabi_f2iz                             0x08001f21   Thumb Code     0  ffix.o(x$fpl$ffix)
    _ffix                                    0x08001f21   Thumb Code    54  ffix.o(x$fpl$ffix)
    __aeabi_ui2f                             0x08001f59   Thumb Code     0  fflt_clz.o(x$fpl$ffltu)
    _ffltu                                   0x08001f59   Thumb Code    38  fflt_clz.o(x$fpl$ffltu)
    __aeabi_fmul                             0x08001f81   Thumb Code     0  fmul.o(x$fpl$fmul)
    _fmul                                    0x08001f81   Thumb Code   258  fmul.o(x$fpl$fmul)
    __fpl_fnaninf                            0x08002083   Thumb Code   140  fnaninf.o(x$fpl$fnaninf)
    __fpl_fretinf                            0x0800210f   Thumb Code    10  fretinf.o(x$fpl$fretinf)
    __fpl_return_NaN                         0x08002119   Thumb Code   100  retnan.o(x$fpl$retnan)
    __ARM_scalbn                             0x0800217d   Thumb Code    92  scalbn.o(x$fpl$scalbn)
    __fpl_cmpreturn                          0x080021d9   Thumb Code    48  trapv.o(x$fpl$trapveneer)
    OLED_F8x16                               0x08002208   Data        1520  oled.o(.constdata)
    __I$use$fp                               0x08002208   Number         0  usenofp.o(x$fpl$usenofp)
    Region$$Table$$Base                      0x080027f8   Number         0  anon$$obj.o(Region$$Table)
    Region$$Table$$Limit                     0x08002818   Number         0  anon$$obj.o(Region$$Table)
    RxData                                   0x20000014   Data           1  bluetooth.o(.data)
    RxFlag                                   0x20000015   Data           1  bluetooth.o(.data)
    time                                     0x20000018   Data           8  hcsr04.o(.data)
    time_end                                 0x20000020   Data           8  hcsr04.o(.data)
    Cx                                       0x2000002a   Data           1  k210usart.o(.data)
    Cy                                       0x2000002b   Data           1  k210usart.o(.data)
    Cz                                       0x2000002c   Data           1  k210usart.o(.data)
    RxDatas                                  0x2000002e   Data           1  main.o(.data)
    ID                                       0x2000002f   Data           1  main.o(.data)
    AX                                       0x20000030   Data           2  main.o(.data)
    AY                                       0x20000032   Data           2  main.o(.data)
    AZ                                       0x20000034   Data           2  main.o(.data)
    GX                                       0x20000036   Data           2  main.o(.data)
    GY                                       0x20000038   Data           2  main.o(.data)
    GZ                                       0x2000003a   Data           2  main.o(.data)
    __libspace_start                         0x20000048   Data          96  libspace.o(.bss)
    __temporary_stack_top$libspace           0x200000a8   Data           0  libspace.o(.bss)



==============================================================================

Memory Map of the image

  Image Entry point : 0x080000ed

  Load Region LR_IROM1 (Base: 0x08000000, Size: 0x00002854, Max: 0x00010000, ABSOLUTE)

    Execution Region ER_IROM1 (Exec base: 0x08000000, Load base: 0x08000000, Size: 0x00002818, Max: 0x00010000, ABSOLUTE)

    Exec Addr    Load Addr    Size         Type   Attr      Idx    E Section Name        Object

    0x08000000   0x08000000   0x000000ec   Data   RO           19    RESET               startup_stm32f10x_md.o
    0x080000ec   0x080000ec   0x00000008   Code   RO         3947  * !!!main             c_w.l(__main.o)
    0x080000f4   0x080000f4   0x00000034   Code   RO         4149    !!!scatter          c_w.l(__scatter.o)
    0x08000128   0x08000128   0x0000001a   Code   RO         4151    !!handler_copy      c_w.l(__scatter_copy.o)
    0x08000142   0x08000142   0x00000002   PAD
    0x08000144   0x08000144   0x0000001c   Code   RO         4153    !!handler_zi        c_w.l(__scatter_zi.o)
    0x08000160   0x08000160   0x00000002   Code   RO         4017    .ARM.Collect$$libinit$$00000000  c_w.l(libinit.o)
    0x08000162   0x08000162   0x00000000   Code   RO         4032    .ARM.Collect$$libinit$$00000002  c_w.l(libinit2.o)
    0x08000162   0x08000162   0x00000000   Code   RO         4034    .ARM.Collect$$libinit$$00000004  c_w.l(libinit2.o)
    0x08000162   0x08000162   0x00000000   Code   RO         4037    .ARM.Collect$$libinit$$0000000A  c_w.l(libinit2.o)
    0x08000162   0x08000162   0x00000000   Code   RO         4039    .ARM.Collect$$libinit$$0000000C  c_w.l(libinit2.o)
    0x08000162   0x08000162   0x00000000   Code   RO         4041    .ARM.Collect$$libinit$$0000000E  c_w.l(libinit2.o)
    0x08000162   0x08000162   0x00000000   Code   RO         4044    .ARM.Collect$$libinit$$00000011  c_w.l(libinit2.o)
    0x08000162   0x08000162   0x00000000   Code   RO         4046    .ARM.Collect$$libinit$$00000013  c_w.l(libinit2.o)
    0x08000162   0x08000162   0x00000000   Code   RO         4048    .ARM.Collect$$libinit$$00000015  c_w.l(libinit2.o)
    0x08000162   0x08000162   0x00000000   Code   RO         4050    .ARM.Collect$$libinit$$00000017  c_w.l(libinit2.o)
    0x08000162   0x08000162   0x00000000   Code   RO         4052    .ARM.Collect$$libinit$$00000019  c_w.l(libinit2.o)
    0x08000162   0x08000162   0x00000000   Code   RO         4054    .ARM.Collect$$libinit$$0000001B  c_w.l(libinit2.o)
    0x08000162   0x08000162   0x00000000   Code   RO         4056    .ARM.Collect$$libinit$$0000001D  c_w.l(libinit2.o)
    0x08000162   0x08000162   0x00000000   Code   RO         4058    .ARM.Collect$$libinit$$0000001F  c_w.l(libinit2.o)
    0x08000162   0x08000162   0x00000000   Code   RO         4060    .ARM.Collect$$libinit$$00000021  c_w.l(libinit2.o)
    0x08000162   0x08000162   0x00000000   Code   RO         4062    .ARM.Collect$$libinit$$00000023  c_w.l(libinit2.o)
    0x08000162   0x08000162   0x00000000   Code   RO         4064    .ARM.Collect$$libinit$$00000025  c_w.l(libinit2.o)
    0x08000162   0x08000162   0x00000000   Code   RO         4068    .ARM.Collect$$libinit$$0000002C  c_w.l(libinit2.o)
    0x08000162   0x08000162   0x00000000   Code   RO         4070    .ARM.Collect$$libinit$$0000002E  c_w.l(libinit2.o)
    0x08000162   0x08000162   0x00000000   Code   RO         4072    .ARM.Collect$$libinit$$00000030  c_w.l(libinit2.o)
    0x08000162   0x08000162   0x00000000   Code   RO         4074    .ARM.Collect$$libinit$$00000032  c_w.l(libinit2.o)
    0x08000162   0x08000162   0x00000002   Code   RO         4075    .ARM.Collect$$libinit$$00000033  c_w.l(libinit2.o)
    0x08000164   0x08000164   0x00000002   Code   RO         4106    .ARM.Collect$$libshutdown$$00000000  c_w.l(libshutdown.o)
    0x08000166   0x08000166   0x00000000   Code   RO         4132    .ARM.Collect$$libshutdown$$00000002  c_w.l(libshutdown2.o)
    0x08000166   0x08000166   0x00000000   Code   RO         4134    .ARM.Collect$$libshutdown$$00000004  c_w.l(libshutdown2.o)
    0x08000166   0x08000166   0x00000000   Code   RO         4137    .ARM.Collect$$libshutdown$$00000007  c_w.l(libshutdown2.o)
    0x08000166   0x08000166   0x00000000   Code   RO         4140    .ARM.Collect$$libshutdown$$0000000A  c_w.l(libshutdown2.o)
    0x08000166   0x08000166   0x00000000   Code   RO         4142    .ARM.Collect$$libshutdown$$0000000C  c_w.l(libshutdown2.o)
    0x08000166   0x08000166   0x00000000   Code   RO         4145    .ARM.Collect$$libshutdown$$0000000F  c_w.l(libshutdown2.o)
    0x08000166   0x08000166   0x00000002   Code   RO         4146    .ARM.Collect$$libshutdown$$00000010  c_w.l(libshutdown2.o)
    0x08000168   0x08000168   0x00000000   Code   RO         3971    .ARM.Collect$$rtentry$$00000000  c_w.l(__rtentry.o)
    0x08000168   0x08000168   0x00000000   Code   RO         3986    .ARM.Collect$$rtentry$$00000002  c_w.l(__rtentry2.o)
    0x08000168   0x08000168   0x00000006   Code   RO         3998    .ARM.Collect$$rtentry$$00000004  c_w.l(__rtentry4.o)
    0x0800016e   0x0800016e   0x00000000   Code   RO         3988    .ARM.Collect$$rtentry$$00000009  c_w.l(__rtentry2.o)
    0x0800016e   0x0800016e   0x00000004   Code   RO         3989    .ARM.Collect$$rtentry$$0000000A  c_w.l(__rtentry2.o)
    0x08000172   0x08000172   0x00000000   Code   RO         3991    .ARM.Collect$$rtentry$$0000000C  c_w.l(__rtentry2.o)
    0x08000172   0x08000172   0x00000008   Code   RO         3992    .ARM.Collect$$rtentry$$0000000D  c_w.l(__rtentry2.o)
    0x0800017a   0x0800017a   0x00000002   Code   RO         4023    .ARM.Collect$$rtexit$$00000000  c_w.l(rtexit.o)
    0x0800017c   0x0800017c   0x00000000   Code   RO         4079    .ARM.Collect$$rtexit$$00000002  c_w.l(rtexit2.o)
    0x0800017c   0x0800017c   0x00000004   Code   RO         4080    .ARM.Collect$$rtexit$$00000003  c_w.l(rtexit2.o)
    0x08000180   0x08000180   0x00000006   Code   RO         4081    .ARM.Collect$$rtexit$$00000004  c_w.l(rtexit2.o)
    0x08000186   0x08000186   0x00000002   PAD
    0x08000188   0x08000188   0x00000040   Code   RO           20    .text               startup_stm32f10x_md.o
    0x080001c8   0x080001c8   0x000000ee   Code   RO         3943    .text               c_w.l(lludivv7m.o)
    0x080002b6   0x080002b6   0x00000006   Code   RO         3945    .text               c_w.l(heapauxi.o)
    0x080002bc   0x080002bc   0x0000004a   Code   RO         4004    .text               c_w.l(sys_stackheap_outer.o)
    0x08000306   0x08000306   0x00000012   Code   RO         4006    .text               c_w.l(exit.o)
    0x08000318   0x08000318   0x00000008   Code   RO         4020    .text               c_w.l(libspace.o)
    0x08000320   0x08000320   0x0000000c   Code   RO         4076    .text               c_w.l(sys_exit.o)
    0x0800032c   0x0800032c   0x00000002   Code   RO         4095    .text               c_w.l(use_no_semi.o)
    0x0800032e   0x0800032e   0x00000000   Code   RO         4097    .text               c_w.l(indicate_semi.o)
    0x0800032e   0x0800032e   0x00000002   PAD
    0x08000330   0x08000330   0x00000034   Code   RO         3706    i.BEEP_Init         beep.o
    0x08000364   0x08000364   0x000000b4   Code   RO         3466    i.Bluetooth_Init    bluetooth.o
    0x08000418   0x08000418   0x00000002   Code   RO         3822    i.BusFault_Handler  stm32f10x_it.o
    0x0800041a   0x0800041a   0x00000002   PAD
    0x0800041c   0x0800041c   0x0000002c   Code   RO         3372    i.CountSensor_Init  countsensor.o
    0x08000448   0x08000448   0x00000038   Code   RO         3721    i.DS18B20_GPIO_Config  temperature.o
    0x08000480   0x08000480   0x0000006a   Code   RO         3722    i.DS18B20_Get_Temp  temperature.o
    0x080004ea   0x080004ea   0x00000012   Code   RO         3723    i.DS18B20_Init      temperature.o
    0x080004fc   0x080004fc   0x00000020   Code   RO         3724    i.DS18B20_Mode_IPU  temperature.o
    0x0800051c   0x0800051c   0x00000024   Code   RO         3725    i.DS18B20_Mode_Out_PP  temperature.o
    0x08000540   0x08000540   0x0000005c   Code   RO         3726    i.DS18B20_Presence  temperature.o
    0x0800059c   0x0800059c   0x00000040   Code   RO         3727    i.DS18B20_Read_Bit  temperature.o
    0x080005dc   0x080005dc   0x0000001c   Code   RO         3728    i.DS18B20_Read_Byte  temperature.o
    0x080005f8   0x080005f8   0x00000034   Code   RO         3729    i.DS18B20_Rst       temperature.o
    0x0800062c   0x0800062c   0x00000064   Code   RO         3731    i.DS18B20_Write_Byte  temperature.o
    0x08000690   0x08000690   0x00000002   Code   RO         3823    i.DebugMon_Handler  stm32f10x_it.o
    0x08000692   0x08000692   0x00000018   Code   RO         3208    i.Delay_ms          delay.o
    0x080006aa   0x080006aa   0x00000020   Code   RO         3210    i.Delay_us          delay.o
    0x080006ca   0x080006ca   0x000000a6   Code   RO         1347    i.GPIO_Init         stm32f10x_gpio.o
    0x08000770   0x08000770   0x0000000e   Code   RO         1351    i.GPIO_ReadInputDataBit  stm32f10x_gpio.o
    0x0800077e   0x0800077e   0x00000004   Code   RO         1354    i.GPIO_ResetBits    stm32f10x_gpio.o
    0x08000782   0x08000782   0x00000004   Code   RO         1355    i.GPIO_SetBits      stm32f10x_gpio.o
    0x08000786   0x08000786   0x0000000c   Code   RO         1358    i.GPIO_WriteBit     stm32f10x_gpio.o
    0x08000792   0x08000792   0x00000002   PAD
    0x08000794   0x08000794   0x0000000c   Code   RO         3467    i.GetRxData         bluetooth.o
    0x080007a0   0x080007a0   0x00000018   Code   RO         3468    i.GetRxFlag         bluetooth.o
    0x080007b8   0x080007b8   0x00000050   Code   RO         3673    i.HC_SR04_Init      hcsr04.o
    0x08000808   0x08000808   0x00000002   Code   RO         3824    i.HardFault_Handler  stm32f10x_it.o
    0x0800080a   0x0800080a   0x00000092   Code   RO         3577    i.MPU6050_GetData   mpu6050.o
    0x0800089c   0x0800089c   0x00000006   Code   RO         3578    i.MPU6050_GetID     mpu6050.o
    0x080008a2   0x080008a2   0x0000003a   Code   RO         3579    i.MPU6050_Init      mpu6050.o
    0x080008dc   0x080008dc   0x0000003e   Code   RO         3580    i.MPU6050_ReadReg   mpu6050.o
    0x0800091a   0x0800091a   0x00000030   Code   RO         3581    i.MPU6050_WriteReg  mpu6050.o
    0x0800094a   0x0800094a   0x00000002   Code   RO         3825    i.MemManage_Handler  stm32f10x_it.o
    0x0800094c   0x0800094c   0x0000003c   Code   RO         3421    i.Motor_BackWard    motor.o
    0x08000988   0x08000988   0x0000003c   Code   RO         3422    i.Motor_ForWard     motor.o
    0x080009c4   0x080009c4   0x00000030   Code   RO         3423    i.Motor_Init        motor.o
    0x080009f4   0x080009f4   0x0000003c   Code   RO         3424    i.Motor_Stop        motor.o
    0x08000a30   0x08000a30   0x0000003c   Code   RO         3425    i.Motor_Turn_Left   motor.o
    0x08000a6c   0x08000a6c   0x0000003c   Code   RO         3426    i.Motor_Turn_Right  motor.o
    0x08000aa8   0x08000aa8   0x00000038   Code   RO         3511    i.MyI2C_Init        myi2c.o
    0x08000ae0   0x08000ae0   0x0000001c   Code   RO         3512    i.MyI2C_R_SDA       myi2c.o
    0x08000afc   0x08000afc   0x0000001e   Code   RO         3513    i.MyI2C_ReceiveAck  myi2c.o
    0x08000b1a   0x08000b1a   0x00000034   Code   RO         3514    i.MyI2C_ReceiveByte  myi2c.o
    0x08000b4e   0x08000b4e   0x00000016   Code   RO         3515    i.MyI2C_SendAck     myi2c.o
    0x08000b64   0x08000b64   0x00000028   Code   RO         3516    i.MyI2C_SendByte    myi2c.o
    0x08000b8c   0x08000b8c   0x0000001e   Code   RO         3517    i.MyI2C_Start       myi2c.o
    0x08000baa   0x08000baa   0x00000018   Code   RO         3518    i.MyI2C_Stop        myi2c.o
    0x08000bc2   0x08000bc2   0x00000002   PAD
    0x08000bc4   0x08000bc4   0x0000001c   Code   RO         3519    i.MyI2C_W_SCL       myi2c.o
    0x08000be0   0x08000be0   0x0000001c   Code   RO         3520    i.MyI2C_W_SDA       myi2c.o
    0x08000bfc   0x08000bfc   0x00000002   Code   RO         3826    i.NMI_Handler       stm32f10x_it.o
    0x08000bfe   0x08000bfe   0x00000002   PAD
    0x08000c00   0x08000c00   0x00000064   Code   RO          137    i.NVIC_Init         misc.o
    0x08000c64   0x08000c64   0x00000014   Code   RO          138    i.NVIC_PriorityGroupConfig  misc.o
    0x08000c78   0x08000c78   0x00000026   Code   RO         3258    i.OLED_Clear        oled.o
    0x08000c9e   0x08000c9e   0x00000002   PAD
    0x08000ca0   0x08000ca0   0x00000050   Code   RO         3259    i.OLED_I2C_Init     oled.o
    0x08000cf0   0x08000cf0   0x0000005c   Code   RO         3260    i.OLED_I2C_SendByte  oled.o
    0x08000d4c   0x08000d4c   0x00000038   Code   RO         3261    i.OLED_I2C_Start    oled.o
    0x08000d84   0x08000d84   0x00000030   Code   RO         3262    i.OLED_I2C_Stop     oled.o
    0x08000db4   0x08000db4   0x000000ac   Code   RO         3263    i.OLED_Init         oled.o
    0x08000e60   0x08000e60   0x00000010   Code   RO         3264    i.OLED_Pow          oled.o
    0x08000e70   0x08000e70   0x00000022   Code   RO         3265    i.OLED_SetCursor    oled.o
    0x08000e92   0x08000e92   0x00000002   PAD
    0x08000e94   0x08000e94   0x00000058   Code   RO         3267    i.OLED_ShowChar     oled.o
    0x08000eec   0x08000eec   0x000000ba   Code   RO         3268    i.OLED_ShowFNum     oled.o
    0x08000fa6   0x08000fa6   0x00000040   Code   RO         3270    i.OLED_ShowNum      oled.o
    0x08000fe6   0x08000fe6   0x00000062   Code   RO         3271    i.OLED_ShowSignedNum  oled.o
    0x08001048   0x08001048   0x00000026   Code   RO         3272    i.OLED_ShowString   oled.o
    0x0800106e   0x0800106e   0x00000022   Code   RO         3273    i.OLED_WriteCommand  oled.o
    0x08001090   0x08001090   0x00000022   Code   RO         3274    i.OLED_WriteData    oled.o
    0x080010b2   0x080010b2   0x00000002   PAD
    0x080010b4   0x080010b4   0x00000094   Code   RO         3392    i.PWM_Init          pwm.o
    0x08001148   0x08001148   0x0000000c   Code   RO         3393    i.PWM_SetCompare1   pwm.o
    0x08001154   0x08001154   0x0000000c   Code   RO         3394    i.PWM_SetCompare2   pwm.o
    0x08001160   0x08001160   0x00000002   Code   RO         3827    i.PendSV_Handler    stm32f10x_it.o
    0x08001162   0x08001162   0x00000002   PAD
    0x08001164   0x08001164   0x0000001c   Code   RO         1775    i.RCC_APB1PeriphClockCmd  stm32f10x_rcc.o
    0x08001180   0x08001180   0x0000001c   Code   RO         1777    i.RCC_APB2PeriphClockCmd  stm32f10x_rcc.o
    0x0800119c   0x0800119c   0x000000ac   Code   RO         1785    i.RCC_GetClocksFreq  stm32f10x_rcc.o
    0x08001248   0x08001248   0x00000002   Code   RO         3828    i.SVC_Handler       stm32f10x_it.o
    0x0800124a   0x0800124a   0x00000002   PAD
    0x0800124c   0x0800124c   0x00000020   Code   RO         3469    i.SendByte          bluetooth.o
    0x0800126c   0x0800126c   0x00000098   Code   RO         3793    i.Serial_Init       k210usart.o
    0x08001304   0x08001304   0x00000004   Code   RO           24    i.SetSysClock       system_stm32f10x.o
    0x08001308   0x08001308   0x000000b0   Code   RO           25    i.SetSysClockTo72   system_stm32f10x.o
    0x080013b8   0x080013b8   0x00000002   Code   RO         3829    i.SysTick_Handler   stm32f10x_it.o
    0x080013ba   0x080013ba   0x00000002   PAD
    0x080013bc   0x080013bc   0x00000050   Code   RO           27    i.SystemInit        system_stm32f10x.o
    0x0800140c   0x0800140c   0x00000034   Code   RO         3674    i.TIM3_IRQHandler   hcsr04.o
    0x08001440   0x08001440   0x00000006   Code   RO         2415    i.TIM_ClearFlag     stm32f10x_tim.o
    0x08001446   0x08001446   0x00000006   Code   RO         2416    i.TIM_ClearITPendingBit  stm32f10x_tim.o
    0x0800144c   0x0800144c   0x00000018   Code   RO         2421    i.TIM_Cmd           stm32f10x_tim.o
    0x08001464   0x08001464   0x00000018   Code   RO         2442    i.TIM_GetITStatus   stm32f10x_tim.o
    0x0800147c   0x0800147c   0x00000014   Code   RO         2446    i.TIM_ITConfig      stm32f10x_tim.o
    0x08001490   0x08001490   0x0000000a   Code   RO         2448    i.TIM_InternalClockConfig  stm32f10x_tim.o
    0x0800149a   0x0800149a   0x00000002   PAD
    0x0800149c   0x0800149c   0x00000088   Code   RO         2450    i.TIM_OC1Init       stm32f10x_tim.o
    0x08001524   0x08001524   0x00000088   Code   RO         2455    i.TIM_OC2Init       stm32f10x_tim.o
    0x080015ac   0x080015ac   0x00000004   Code   RO         2482    i.TIM_SetCompare1   stm32f10x_tim.o
    0x080015b0   0x080015b0   0x00000004   Code   RO         2483    i.TIM_SetCompare2   stm32f10x_tim.o
    0x080015b4   0x080015b4   0x0000009c   Code   RO         2492    i.TIM_TimeBaseInit  stm32f10x_tim.o
    0x08001650   0x08001650   0x00000078   Code   RO         3196    i.Timer_Init        timer.o
    0x080016c8   0x080016c8   0x00000038   Code   RO         3470    i.USART1_IRQHandler  bluetooth.o
    0x08001700   0x08001700   0x000000c0   Code   RO         3794    i.USART2_IRQHandler  k210usart.o
    0x080017c0   0x080017c0   0x00000010   Code   RO         2957    i.USART_ClearITPendingBit  stm32f10x_usart.o
    0x080017d0   0x080017d0   0x00000018   Code   RO         2960    i.USART_Cmd         stm32f10x_usart.o
    0x080017e8   0x080017e8   0x0000000e   Code   RO         2963    i.USART_GetFlagStatus  stm32f10x_usart.o
    0x080017f6   0x080017f6   0x00000040   Code   RO         2964    i.USART_GetITStatus  stm32f10x_usart.o
    0x08001836   0x08001836   0x00000036   Code   RO         2966    i.USART_ITConfig    stm32f10x_usart.o
    0x0800186c   0x0800186c   0x000000bc   Code   RO         2967    i.USART_Init        stm32f10x_usart.o
    0x08001928   0x08001928   0x00000008   Code   RO         2974    i.USART_ReceiveData  stm32f10x_usart.o
    0x08001930   0x08001930   0x00000008   Code   RO         2977    i.USART_SendData    stm32f10x_usart.o
    0x08001938   0x08001938   0x00000002   Code   RO         3830    i.UsageFault_Handler  stm32f10x_it.o
    0x0800193a   0x0800193a   0x00000002   PAD
    0x0800193c   0x0800193c   0x000003ec   Code   RO         3885    i.main              main.o
    0x08001d28   0x08001d28   0x00000026   Code   RO         3886    i.numlen            main.o
    0x08001d4e   0x08001d4e   0x00000002   PAD
    0x08001d50   0x08001d50   0x00000090   Code   RO         3676    i.sonar_mm          hcsr04.o
    0x08001de0   0x08001de0   0x00000062   Code   RO         3949    x$fpl$d2f           fz_ws.l(d2f.o)
    0x08001e42   0x08001e42   0x00000002   PAD
    0x08001e44   0x08001e44   0x00000010   Code   RO         3976    x$fpl$dcheck1       fz_ws.l(dcheck1.o)
    0x08001e54   0x08001e54   0x0000002e   Code   RO         3952    x$fpl$dflt          fz_ws.l(dflt_clz.o)
    0x08001e82   0x08001e82   0x0000009c   Code   RO         3978    x$fpl$dnaninf       fz_ws.l(dnaninf.o)
    0x08001f1e   0x08001f1e   0x00000002   PAD
    0x08001f20   0x08001f20   0x00000036   Code   RO         3957    x$fpl$ffix          fz_ws.l(ffix.o)
    0x08001f56   0x08001f56   0x00000002   PAD
    0x08001f58   0x08001f58   0x00000026   Code   RO         3961    x$fpl$ffltu         fz_ws.l(fflt_clz.o)
    0x08001f7e   0x08001f7e   0x00000002   PAD
    0x08001f80   0x08001f80   0x00000102   Code   RO         3967    x$fpl$fmul          fz_ws.l(fmul.o)
    0x08002082   0x08002082   0x0000008c   Code   RO         3980    x$fpl$fnaninf       fz_ws.l(fnaninf.o)
    0x0800210e   0x0800210e   0x0000000a   Code   RO         3982    x$fpl$fretinf       fz_ws.l(fretinf.o)
    0x08002118   0x08002118   0x00000064   Code   RO         4002    x$fpl$retnan        fz_ws.l(retnan.o)
    0x0800217c   0x0800217c   0x0000005c   Code   RO         3969    x$fpl$scalbn        fz_ws.l(scalbn.o)
    0x080021d8   0x080021d8   0x00000030   Code   RO         4018    x$fpl$trapveneer    fz_ws.l(trapv.o)
    0x08002208   0x08002208   0x00000000   Code   RO         3984    x$fpl$usenofp       fz_ws.l(usenofp.o)
    0x08002208   0x08002208   0x000005f0   Data   RO         3275    .constdata          oled.o
    0x080027f8   0x080027f8   0x00000020   Data   RO         4147    Region$$Table       anon$$obj.o


    Execution Region RW_IRAM1 (Exec base: 0x20000000, Load base: 0x08002818, Size: 0x000006a8, Max: 0x00005000, ABSOLUTE)

    Exec Addr    Load Addr    Size         Type   Attr      Idx    E Section Name        Object

    0x20000000   0x08002818   0x00000014   Data   RW         1805    .data               stm32f10x_rcc.o
    0x20000014   0x0800282c   0x00000002   Data   RW         3472    .data               bluetooth.o
    0x20000016   0x0800282e   0x00000002   PAD
    0x20000018   0x08002830   0x00000010   Data   RW         3677    .data               hcsr04.o
    0x20000028   0x08002840   0x00000005   Data   RW         3796    .data               k210usart.o
    0x2000002d   0x08002845   0x00000001   PAD
    0x2000002e   0x08002846   0x0000000e   Data   RW         3887    .data               main.o
    0x2000003c        -       0x0000000c   Zero   RW         3795    .bss                k210usart.o
    0x20000048        -       0x00000060   Zero   RW         4021    .bss                c_w.l(libspace.o)
    0x200000a8        -       0x00000200   Zero   RW           18    HEAP                startup_stm32f10x_md.o
    0x200002a8        -       0x00000400   Zero   RW           17    STACK               startup_stm32f10x_md.o


==============================================================================

Image component sizes


      Code (inc. data)   RO Data    RW Data    ZI Data      Debug   Object Name

        52          4          0          0          0        464   beep.o
       304         32          0          2          0       2780   bluetooth.o
         0          0          0          0          0       4556   core_cm3.o
        44          6          0          0          0        483   countsensor.o
        56          0          0          0          0        930   delay.o
       276         22          0         16          0       1784   hcsr04.o
       344         22          0          5         12       1697   k210usart.o
      1042         42          0         14          0       1966   main.o
       120         14          0          0          0     204907   misc.o
       348         36          0          0          0       3088   motor.o
       320          0          0          0          0       3374   mpu6050.o
       338         18          0          0          0       4822   myi2c.o
      1078         26       1520          0          0       9130   oled.o
       172         18          0          0          0       1491   pwm.o
        64         26        236          0       1536        788   startup_stm32f10x_md.o
         0          0          0          0          0       1652   stm32f10x_adc.o
       200          0          0          0          0      12520   stm32f10x_gpio.o
        18          0          0          0          0       3670   stm32f10x_it.o
       228         30          0         20          0      13234   stm32f10x_rcc.o
       526         72          0          0          0      27528   stm32f10x_tim.o
       376          6          0          0          0      12875   stm32f10x_usart.o
       260         26          0          0          0      45273   system_stm32f10x.o
       584         36          0          0          0       5319   temperature.o
       120          4          0          0          0        545   timer.o

    ----------------------------------------------------------------------
      6896        440       1788         60       1548     364876   Object Totals
         0          0         32          0          0          0   (incl. Generated)
        26          0          0          3          0          0   (incl. Padding)

    ----------------------------------------------------------------------

      Code (inc. data)   RO Data    RW Data    ZI Data      Debug   Library Member Name

         8          0          0          0          0         68   __main.o
         0          0          0          0          0          0   __rtentry.o
        12          0          0          0          0          0   __rtentry2.o
         6          0          0          0          0          0   __rtentry4.o
        52          8          0          0          0          0   __scatter.o
        26          0          0          0          0          0   __scatter_copy.o
        28          0          0          0          0          0   __scatter_zi.o
        18          0          0          0          0         80   exit.o
         6          0          0          0          0        152   heapauxi.o
         0          0          0          0          0          0   indicate_semi.o
         2          0          0          0          0          0   libinit.o
         2          0          0          0          0          0   libinit2.o
         2          0          0          0          0          0   libshutdown.o
         2          0          0          0          0          0   libshutdown2.o
         8          4          0          0         96         68   libspace.o
       238          0          0          0          0        100   lludivv7m.o
         2          0          0          0          0          0   rtexit.o
        10          0          0          0          0          0   rtexit2.o
        12          4          0          0          0         68   sys_exit.o
        74          0          0          0          0         80   sys_stackheap_outer.o
         2          0          0          0          0         68   use_no_semi.o
        98          4          0          0          0         92   d2f.o
        16          4          0          0          0         68   dcheck1.o
        46          0          0          0          0         68   dflt_clz.o
       156          4          0          0          0         92   dnaninf.o
        54          4          0          0          0         84   ffix.o
        38          0          0          0          0         68   fflt_clz.o
       258          4          0          0          0         84   fmul.o
       140          4          0          0          0         84   fnaninf.o
        10          0          0          0          0         68   fretinf.o
       100          0          0          0          0         68   retnan.o
        92          0          0          0          0         68   scalbn.o
        48          0          0          0          0         68   trapv.o
         0          0          0          0          0          0   usenofp.o

    ----------------------------------------------------------------------
      1580         40          0          0         96       1596   Library Totals
        14          0          0          0          0          0   (incl. Padding)

    ----------------------------------------------------------------------

      Code (inc. data)   RO Data    RW Data    ZI Data      Debug   Library Name

       510         16          0          0         96        684   c_w.l
      1056         24          0          0          0        912   fz_ws.l

    ----------------------------------------------------------------------
      1580         40          0          0         96       1596   Library Totals

    ----------------------------------------------------------------------

==============================================================================


      Code (inc. data)   RO Data    RW Data    ZI Data      Debug   

      8476        480       1788         60       1644     360332   Grand Totals
      8476        480       1788         60       1644     360332   ELF Image Totals
      8476        480       1788         60          0          0   ROM Totals

==============================================================================

    Total RO  Size (Code + RO Data)                10264 (  10.02kB)
    Total RW  Size (RW Data + ZI Data)              1704 (   1.66kB)
    Total ROM Size (Code + RO Data + RW Data)      10324 (  10.08kB)

==============================================================================

